<html>
<body>
<pre>
<h1>µVision Build Log</h1>
<h2>Tool Versions:</h2>
IDE-Version: ¦ÌVision V5.38.0.0
Copyright (C) 2022 ARM Ltd and ARM Germany GmbH. All rights reserved.
License Information: a Administrator, a, LIC=X96CK-ZK17T-X7BRZ-JT8ZN-I5FIC-IUTJ0
 
Tool Versions:
Toolchain:       MDK-ARM Plus  Version: 5.38.0.0
Toolchain Path:  D:\Keil_v5\ARM\arm5_compiler\Bin
C Compiler:      Armcc.exe V5.06 update 7 (build 960)
Assembler:       Armasm.exe V5.06 update 7 (build 960)
Linker/Locator:  ArmLink.exe V5.06 update 7 (build 960)
Library Manager: ArmAr.exe V5.06 update 7 (build 960)
Hex Converter:   FromElf.exe V5.06 update 7 (build 960)
CPU DLL:         SARMCM3.DLL V5.38.0.0
Dialog DLL:      DCM.DLL V1.17.5.0
Target DLL:      STLink\ST-LINKIII-KEIL_SWO.dll V3.1.0.0
Dialog DLL:      TCM.DLL V1.56.4.0
 
<h2>Project:</h2>
d:\embedded\upCodeStm32\35_SPI_Flash_Register\35_SPI_Flash_Register.uvprojx
Project File Date:  08/08/2025

<h2>Output:</h2>
*** Using Compiler 'V5.06 update 7 (build 960)', folder: 'D:\Keil_v5\ARM\arm5_compiler\Bin'
Build target 'Target 1'
compiling Driver_SPI.c...
Driver\spi\Driver_SPI.h(38): warning:  #1-D: last line of file ends without a newline
   */
Driver\spi\Driver_SPI.c(19): warning:  #223-D: function "Driver_SPI_Init_Soft" declared implicitly
      Driver_SPI_Init_Soft();
Driver\spi\Driver_SPI.c(24): warning:  #223-D: function "Driver_SPI_Start_Soft" declared implicitly
      Driver_SPI_Start_Soft();
Driver\spi\Driver_SPI.c(29): warning:  #223-D: function "Driver_SPI_Stop_Soft" declared implicitly
      Driver_SPI_Stop_Soft();
Driver\spi\Driver_SPI.c(34): warning:  #223-D: function "Driver_SPI_SwapByte_Soft" declared implicitly
      return Driver_SPI_SwapByte_Soft(byte);
Driver\spi\Driver_SPI.c(45): warning:  #159-D: declaration is incompatible with previous "Driver_SPI_Init_Soft"  (declared at line 19)
  void Driver_SPI_Init_Soft(void)
Driver\spi\Driver_SPI.c(76): warning:  #159-D: declaration is incompatible with previous "Driver_SPI_Start_Soft"  (declared at line 24)
  void Driver_SPI_Start_Soft(void)
Driver\spi\Driver_SPI.c(86): warning:  #159-D: declaration is incompatible with previous "Driver_SPI_Stop_Soft"  (declared at line 29)
  void Driver_SPI_Stop_Soft(void)
Driver\spi\Driver_SPI.c(99): warning:  #159-D: declaration is incompatible with previous "Driver_SPI_SwapByte_Soft"  (declared at line 34)
  uint8_t Driver_SPI_SwapByte_Soft(uint8_t byte)
Driver\spi\Driver_SPI.c: 9 warnings, 0 errors
compiling Int_W25Q32.c...
.\Driver\spi\Driver_SPI.h(38): warning:  #1-D: last line of file ends without a newline
   */
Int\w25Q32\Int_W25Q32.c: 1 warning, 0 errors
compiling main.c...
.\Driver\usart\Dri_USART.h(31): warning:  #1295-D: Deprecated declaration Dri_USART_ReceiveChar - give arg types
  uint8_t Dri_USART_ReceiveChar();
.\Driver\spi\Driver_SPI.h(38): warning:  #1-D: last line of file ends without a newline
   */
User\main.c(22): warning:  #223-D: function "memset" declared implicitly
      memset(buffer,0,255);
User\main.c: 3 warnings, 0 errors
linking...
Program Size: Code=2716 RO-data=336 RW-data=368 ZI-data=1280  
FromELF: creating hex file...
".\Objects\02_LED_Flow_Register.axf" - 0 Error(s), 13 Warning(s).

<h2>Software Packages used:</h2>

Package Vendor: Keil
                https://www.keil.com/pack/Keil.STM32F1xx_DFP.2.4.1.pack
                Keil.STM32F1xx_DFP.2.4.1
                STMicroelectronics STM32F1 Series Device Support, Drivers and Examples

<h2>Collection of Component include folders:</h2>
  D:/Users/Administrator/AppData/Local/Arm/Packs/Keil/STM32F1xx_DFP/2.4.1/Device/Include

<h2>Collection of Component Files used:</h2>
Build Time Elapsed:  00:00:08
</pre>
</body>
</html>
