*** Using Compiler 'V5.06 update 7 (build 960)', folder: 'C:\Keil_v5\ARM\arm5_compiler\Bin'
Build target 'Target 1'
assembling startup_stm32f10x_hd.s...
compiling core_cm3.c...
compiling Delay.c...
compiling Driver_Led.c...
compiling system_stm32f10x.c...
compiling Driver_SysTick.c...
compiling main.c...
.\Driver\usart\Dri_USART.h(31): warning:  #1295-D: Deprecated declaration Dri_USART_ReceiveChar - give arg types
  uint8_t Dri_USART_ReceiveChar();
User\main.c: 1 warning, 0 errors
compiling Dri_USART.c...
Driver\usart\Dri_USART.h(31): warning:  #1295-D: Deprecated declaration Dri_USART_ReceiveChar - give arg types
  uint8_t Dri_USART_ReceiveChar();
Driver\usart\Dri_USART.c(84): warning:  #167-D: argument of type "u8 *" is incompatible with parameter of type "const char *"
      for (i = 0; i < strlen(str); i++)
Driver\usart\Dri_USART.c: 2 warnings, 0 errors
linking...
Program Size: Code=1148 RO-data=336 RW-data=108 ZI-data=1028  
FromELF: creating hex file...
".\Objects\02_LED_Flow_Register.axf" - 0 Error(s), 3 Warning(s).
Build Time Elapsed:  00:00:02
