<html>
<body>
<pre>
<h1>µVision Build Log</h1>
<h2>Tool Versions:</h2>
IDE-Version: ¦ÌVision V5.38.0.0
Copyright (C) 2022 ARM Ltd and ARM Germany GmbH. All rights reserved.
License Information: a Administrator, a, LIC=X96CK-ZK17T-X7BRZ-JT8ZN-I5FIC-IUTJ0
 
Tool Versions:
Toolchain:       MDK-ARM Plus  Version: 5.38.0.0
Toolchain Path:  D:\Keil_v5\ARM\arm5_compiler\Bin
C Compiler:      Armcc.exe V5.06 update 7 (build 960)
Assembler:       Armasm.exe V5.06 update 7 (build 960)
Linker/Locator:  ArmLink.exe V5.06 update 7 (build 960)
Library Manager: ArmAr.exe V5.06 update 7 (build 960)
Hex Converter:   FromElf.exe V5.06 update 7 (build 960)
CPU DLL:         SARMCM3.DLL V5.38.0.0
Dialog DLL:      DCM.DLL V1.17.5.0
Target DLL:      STLink\ST-LINKIII-KEIL_SWO.dll V3.1.0.0
Dialog DLL:      TCM.DLL V1.56.4.0
 
<h2>Project:</h2>
d:\embedded\upCodeStm32\54_LoRa_GateWay_HAL\MDK-ARM\54_LoRa_GateWay_HAL.uvprojx
Project File Date:  08/20/2025

<h2>Output:</h2>
*** Using Compiler 'V5.06 update 7 (build 960)', folder: 'D:\Keil_v5\ARM\arm5_compiler\Bin'
Build target '54_LoRa_GateWay_HAL'
compiling Inf_LoRa.c...
..\Interface\LoRa\ebyte_e220x.h(181): warning:  #1-D: last line of file ends without a newline
  uint8e_t Ebyte_E220x_GetDriverVersion(void);
..\Interface\LoRa\Inf_LoRa.h(6): warning:  #1295-D: Deprecated declaration Inf_LoRa_init - give arg types
  void Inf_LoRa_init();
..\Interface\LoRa\Inf_LoRa.h(7): warning:  #1295-D: Deprecated declaration Inf_LoRa_ReadData - give arg types
  void Inf_LoRa_ReadData();
..\Interface\LoRa\Inf_LoRa.c: 3 warnings, 0 errors
compiling ebyte_callback.c...
..\Interface\LoRa\ebyte_e220x.h(181): warning:  #1-D: last line of file ends without a newline
  uint8e_t Ebyte_E220x_GetDriverVersion(void);
..\Interface\LoRa\ebyte_callback.c(118): warning:  #177-D: variable "j"  was declared but never referenced
      uint8_t  j,  pcEchoLength;
..\Interface\LoRa\ebyte_callback.c(118): warning:  #177-D: variable "pcEchoLength"  was declared but never referenced
      uint8_t  j,  pcEchoLength;
..\Interface\LoRa\ebyte_callback.c(119): warning:  #177-D: variable "p"  was declared but never referenced
      uint8_t *p;
..\Interface\LoRa\ebyte_callback.c: 4 warnings, 0 errors
compiling main.c...
..\Interface\LoRa\ebyte_e220x.h(181): warning:  #1-D: last line of file ends without a newline
  uint8e_t Ebyte_E220x_GetDriverVersion(void);
..\Interface\LoRa\Inf_LoRa.h(6): warning:  #1295-D: Deprecated declaration Inf_LoRa_init - give arg types
  void Inf_LoRa_init();
..\Interface\LoRa\Inf_LoRa.h(7): warning:  #1295-D: Deprecated declaration Inf_LoRa_ReadData - give arg types
  void Inf_LoRa_ReadData();
../Core/Src/main.c: 3 warnings, 0 errors
compiling ebyte_e220x.c...
..\Interface\LoRa\ebyte_e220x.h(181): warning:  #1-D: last line of file ends without a newline
  uint8e_t Ebyte_E220x_GetDriverVersion(void);
..\Interface\LoRa\ebyte_e220x.c: 1 warning, 0 errors
compiling ebyte_core.c...
..\Interface\LoRa\ebyte_e220x.h(181): warning:  #1-D: last line of file ends without a newline
  uint8e_t Ebyte_E220x_GetDriverVersion(void);
..\Interface\LoRa\ebyte_core.c: 1 warning, 0 errors
linking...
Program Size: Code=9616 RO-data=612 RW-data=32 ZI-data=1464  
FromELF: creating hex file...
"54_LoRa_GateWay_HAL\54_LoRa_GateWay_HAL.axf" - 0 Error(s), 12 Warning(s).

<h2>Software Packages used:</h2>

Package Vendor: ARM
                http://www.keil.com/pack/ARM.CMSIS.5.9.0.pack
                ARM.CMSIS.5.9.0
                CMSIS (Common Microcontroller Software Interface Standard)
   * Component: CORE Version: 5.6.0

Package Vendor: Keil
                https://www.keil.com/pack/Keil.STM32F1xx_DFP.2.4.1.pack
                Keil.STM32F1xx_DFP.2.4.1
                STMicroelectronics STM32F1 Series Device Support, Drivers and Examples

<h2>Collection of Component include folders:</h2>
  ./RTE/_54_LoRa_GateWay_HAL
  D:/Users/Administrator/AppData/Local/Arm/Packs/ARM/CMSIS/5.9.0/CMSIS/Core/Include
  D:/Users/Administrator/AppData/Local/Arm/Packs/Keil/STM32F1xx_DFP/2.4.1/Device/Include

<h2>Collection of Component Files used:</h2>

   * Component: ARM::CMSIS:CORE:5.6.0
      Include file:  CMSIS/Core/Include/tz_context.h
Build Time Elapsed:  00:00:07
</pre>
</body>
</html>
