*** Using Compiler 'V5.06 update 7 (build 960)', folder: 'D:\Keil_v5\ARM\arm5_compiler\Bin'
Rebuild target '52_BlueTeeth_HAL'
assembling startup_stm32f103xe.s...
compiling main.c...
compiling stm32f1xx_hal_tim.c...
compiling stm32f1xx_hal.c...
compiling usart.c...
compiling stm32f1xx_hal_tim_ex.c...
compiling stm32f1xx_it.c...
compiling stm32f1xx_hal_gpio_ex.c...
compiling stm32f1xx_hal_rcc.c...
compiling stm32f1xx_hal_msp.c...
compiling gpio.c...
compiling stm32f1xx_hal_uart.c...
compiling stm32f1xx_hal_gpio.c...
compiling stm32f1xx_hal_rcc_ex.c...
compiling stm32f1xx_hal_flash.c...
compiling Inf_ESP32.c...
..\Inf\esp32\Inf_ESP32.c(124): warning:  #167-D: argument of type "uint8_t *" is incompatible with parameter of type "const char *"
     if(strstr(rxBuff,"WIFI")!=NULL){
..\Inf\esp32\Inf_ESP32.c(129): warning:  #167-D: argument of type "uint8_t *" is incompatible with parameter of type "const char *"
     if(strstr(rxBuff,"+BLECONN:")!=NULL){
..\Inf\esp32\Inf_ESP32.c(138): warning:  #167-D: argument of type "uint8_t *" is incompatible with parameter of type "const char *"
     if(strstr(rxBuff,"+BLEDISCONN")!=NULL){
..\Inf\esp32\Inf_ESP32.c: 3 warnings, 0 errors
compiling stm32f1xx_hal_exti.c...
compiling stm32f1xx_hal_pwr.c...
compiling stm32f1xx_hal_flash_ex.c...
compiling stm32f1xx_hal_dma.c...
compiling stm32f1xx_hal_cortex.c...
compiling system_stm32f1xx.c...
linking...
Program Size: Code=7848 RO-data=380 RW-data=24 ZI-data=1808  
FromELF: creating hex file...
"52_BlueTeeth_HAL\52_BlueTeeth_HAL.axf" - 0 Error(s), 3 Warning(s).
Build Time Elapsed:  00:02:55
