<html>
<body>
<pre>
<h1>µVision Build Log</h1>
<h2>Tool Versions:</h2>
IDE-Version: ¦ÌVision V5.38.0.0
Copyright (C) 2022 ARM Ltd and ARM Germany GmbH. All rights reserved.
License Information: a Administrator, a, LIC=X96CK-ZK17T-X7BRZ-JT8ZN-I5FIC-IUTJ0
 
Tool Versions:
Toolchain:       MDK-ARM Plus  Version: 5.38.0.0
Toolchain Path:  D:\Keil_v5\ARM\arm5_compiler\Bin
C Compiler:      Armcc.exe V5.06 update 7 (build 960)
Assembler:       Armasm.exe V5.06 update 7 (build 960)
Linker/Locator:  ArmLink.exe V5.06 update 7 (build 960)
Library Manager: ArmAr.exe V5.06 update 7 (build 960)
Hex Converter:   FromElf.exe V5.06 update 7 (build 960)
CPU DLL:         SARMCM3.DLL V5.38.0.0
Dialog DLL:      DCM.DLL V1.17.5.0
Target DLL:      STLink\ST-LINKIII-KEIL_SWO.dll V3.1.0.0
Dialog DLL:      TCM.DLL V1.56.4.0
 
<h2>Project:</h2>
d:\embedded\upCodeStm32\63_RTC_Register\63_RTC_Register.uvprojx
Project File Date:  11/23/2025

<h2>Output:</h2>
*** Using Compiler 'V5.06 update 7 (build 960)', folder: 'D:\Keil_v5\ARM\arm5_compiler\Bin'
Build target 'Target 1'
compiling main.c...
.\Driver\usart\Dri_USART.h(31): warning:  #1295-D: Deprecated declaration Dri_USART_ReceiveChar - give arg types
  uint8_t Dri_USART_ReceiveChar();
User\main.c(59): warning:  #167-D: argument of type "uint8_t *" is incompatible with parameter of type "char *__restrict__"
          sprintf(buff, "%04d-%02d-%02d %02d:%02d:%02d",
User\main.c(44): warning:  #177-D: variable "year"  was declared but never referenced
       uint16_t year, month,day,hour, minute,second;
User\main.c(44): warning:  #177-D: variable "month"  was declared but never referenced
       uint16_t year, month,day,hour, minute,second;
User\main.c(44): warning:  #177-D: variable "day"  was declared but never referenced
       uint16_t year, month,day,hour, minute,second;
User\main.c(44): warning:  #177-D: variable "hour"  was declared but never referenced
       uint16_t year, month,day,hour, minute,second;
User\main.c(44): warning:  #177-D: variable "minute"  was declared but never referenced
       uint16_t year, month,day,hour, minute,second;
User\main.c(44): warning:  #177-D: variable "second"  was declared but never referenced
       uint16_t year, month,day,hour, minute,second;
User\main.c: 8 warnings, 0 errors
linking...
Program Size: Code=4548 RO-data=343496 RW-data=108 ZI-data=1068  
FromELF: creating hex file...
".\Objects\02_LED_Flow_Register.axf" - 0 Error(s), 8 Warning(s).

<h2>Software Packages used:</h2>

Package Vendor: Keil
                https://www.keil.com/pack/Keil.STM32F1xx_DFP.2.4.1.pack
                Keil.STM32F1xx_DFP.2.4.1
                STMicroelectronics STM32F1 Series Device Support, Drivers and Examples

<h2>Collection of Component include folders:</h2>
  D:/Users/Administrator/AppData/Local/Arm/Packs/Keil/STM32F1xx_DFP/2.4.1/Device/Include

<h2>Collection of Component Files used:</h2>
Build Time Elapsed:  00:00:01
</pre>
</body>
</html>
