*** Using Compiler 'V5.06 update 7 (build 960)', folder: 'D:\Keil_v5\ARM\arm5_compiler\Bin'
Build target '54_LoRa_GateWay_HAL'
compiling Inf_LoRa.c...
..\Interface\LoRa\ebyte_e220x.h(181): warning:  #1-D: last line of file ends without a newline
  uint8e_t Ebyte_E220x_GetDriverVersion(void);
..\Interface\LoRa\Inf_LoRa.h(6): warning:  #1295-D: Deprecated declaration Inf_LoRa_init - give arg types
  void Inf_LoRa_init();
..\Interface\LoRa\Inf_LoRa.h(7): warning:  #1295-D: Deprecated declaration Inf_LoRa_ReadData - give arg types
  void Inf_LoRa_ReadData();
..\Interface\LoRa\Inf_LoRa.c: 3 warnings, 0 errors
compiling ebyte_callback.c...
..\Interface\LoRa\ebyte_e220x.h(181): warning:  #1-D: last line of file ends without a newline
  uint8e_t Ebyte_E220x_GetDriverVersion(void);
..\Interface\LoRa\ebyte_callback.c(118): warning:  #177-D: variable "j"  was declared but never referenced
      uint8_t  j,  pcEchoLength;
..\Interface\LoRa\ebyte_callback.c(118): warning:  #177-D: variable "pcEchoLength"  was declared but never referenced
      uint8_t  j,  pcEchoLength;
..\Interface\LoRa\ebyte_callback.c(119): warning:  #177-D: variable "p"  was declared but never referenced
      uint8_t *p;
..\Interface\LoRa\ebyte_callback.c: 4 warnings, 0 errors
compiling main.c...
..\Interface\LoRa\ebyte_e220x.h(181): warning:  #1-D: last line of file ends without a newline
  uint8e_t Ebyte_E220x_GetDriverVersion(void);
..\Interface\LoRa\Inf_LoRa.h(6): warning:  #1295-D: Deprecated declaration Inf_LoRa_init - give arg types
  void Inf_LoRa_init();
..\Interface\LoRa\Inf_LoRa.h(7): warning:  #1295-D: Deprecated declaration Inf_LoRa_ReadData - give arg types
  void Inf_LoRa_ReadData();
../Core/Src/main.c: 3 warnings, 0 errors
compiling ebyte_e220x.c...
..\Interface\LoRa\ebyte_e220x.h(181): warning:  #1-D: last line of file ends without a newline
  uint8e_t Ebyte_E220x_GetDriverVersion(void);
..\Interface\LoRa\ebyte_e220x.c: 1 warning, 0 errors
compiling ebyte_core.c...
..\Interface\LoRa\ebyte_e220x.h(181): warning:  #1-D: last line of file ends without a newline
  uint8e_t Ebyte_E220x_GetDriverVersion(void);
..\Interface\LoRa\ebyte_core.c: 1 warning, 0 errors
linking...
Program Size: Code=9616 RO-data=612 RW-data=32 ZI-data=1464  
FromELF: creating hex file...
"54_LoRa_GateWay_HAL\54_LoRa_GateWay_HAL.axf" - 0 Error(s), 12 Warning(s).
Build Time Elapsed:  00:00:07
