<html>
<body>
<pre>
<h1>�Vision Build Log</h1>
<h2>Tool Versions:</h2>
IDE-Version: ��Vision V5.38.0.0
Copyright (C) 2022 ARM Ltd and ARM Germany GmbH. All rights reserved.
License Information: a Administrator, a, LIC=X96CK-ZK17T-X7BRZ-JT8ZN-I5FIC-IUTJ0
 
Tool Versions:
Toolchain:       MDK-ARM Plus  Version: 5.38.0.0
Toolchain Path:  D:\Keil_v5\ARM\arm5_compiler\Bin
C Compiler:      Armcc.exe V5.06 update 7 (build 960)
Assembler:       Armasm.exe V5.06 update 7 (build 960)
Linker/Locator:  ArmLink.exe V5.06 update 7 (build 960)
Library Manager: ArmAr.exe V5.06 update 7 (build 960)
Hex Converter:   FromElf.exe V5.06 update 7 (build 960)
CPU DLL:         SARMCM3.DLL V5.38.0.0
Dialog DLL:      DCM.DLL V1.17.5.0
Target DLL:      STLink\ST-LINKIII-KEIL_SWO.dll V3.1.0.0
Dialog DLL:      TCM.DLL V1.56.4.0
 
<h2>Project:</h2>
d:\embedded\upCodeStm32\51_Wifi_Test_HAL\MDK-ARM\51_Wifi_Test_HAL.uvprojx
Project File Date:  09/11/2024

<h2>Output:</h2>
*** Using Compiler 'V5.06 update 7 (build 960)', folder: 'D:\Keil_v5\ARM\arm5_compiler\Bin'
Build target '51_Wifi_Test_HAL'
assembling startup_stm32f103xe.s...
compiling stm32f1xx_hal_tim.c...
compiling stm32f1xx_hal_gpio_ex.c...
compiling stm32f1xx_hal_tim_ex.c...
compiling gpio.c...
compiling stm32f1xx_it.c...
compiling stm32f1xx_hal_msp.c...
compiling stm32f1xx_hal.c...
compiling main.c...
../Core/Src/main.c(115): warning:  #167-D: argument of type "uint8_t *" is incompatible with parameter of type "const char *"
         memset(data,0,strlen(data));
../Core/Src/main.c: 1 warning, 0 errors
compiling usart.c...
compiling stm32f1xx_hal_rcc.c...
compiling stm32f1xx_hal_uart.c...
compiling stm32f1xx_hal_cortex.c...
compiling system_stm32f1xx.c...
compiling stm32f1xx_hal_gpio.c...
compiling stm32f1xx_hal_rcc_ex.c...
compiling stm32f1xx_hal_exti.c...
compiling stm32f1xx_hal_pwr.c...
compiling stm32f1xx_hal_flash.c...
compiling stm32f1xx_hal_flash_ex.c...
compiling Inf_ESP32.c...
..\Inf\esp32\Inf_ESP32.c(100): warning:  #167-D: argument of type "uint8_t *" is incompatible with parameter of type "const char *"
          if(strstr(rxBuff,"+IPD"))
..\Inf\esp32\Inf_ESP32.c(102): warning:  #167-D: argument of type "uint8_t *" is incompatible with parameter of type "const char *"
              memset(data,0,strlen(data));
..\Inf\esp32\Inf_ESP32.c(103): warning:  #167-D: argument of type "uint8_t *" is incompatible with parameter of type "const char *restrict"
              sscanf(rxBuff,"%*[\r\n]+IPD,%d,%d,\"%[^\"]\",%d",id,dataLen,ip,port); //port 为什么用 uint16_t 不行????
..\Inf\esp32\Inf_ESP32.c(103): warning:  #181-D: argument is incompatible with corresponding format string conversion
              sscanf(rxBuff,"%*[\r\n]+IPD,%d,%d,\"%[^\"]\",%d",id,dataLen,ip,port); //port 为什么用 uint16_t 不行????
..\Inf\esp32\Inf_ESP32.c(103): warning:  #181-D: argument is incompatible with corresponding format string conversion
              sscanf(rxBuff,"%*[\r\n]+IPD,%d,%d,\"%[^\"]\",%d",id,dataLen,ip,port); //port 为什么用 uint16_t 不行????
..\Inf\esp32\Inf_ESP32.c(106): warning:  #167-D: argument of type "uint8_t *" is incompatible with parameter of type "char *restrict"
              strtok(rxBuff,":");
..\Inf\esp32\Inf_ESP32.c: 6 warnings, 0 errors
compiling stm32f1xx_hal_dma.c...
linking...
Program Size: Code=8176 RO-data=444 RW-data=36 ZI-data=1940  
FromELF: creating hex file...
"51_Wifi_Test_HAL\51_Wifi_Test_HAL.axf" - 0 Error(s), 7 Warning(s).

<h2>Software Packages used:</h2>

Package Vendor: ARM
                http://www.keil.com/pack/ARM.CMSIS.5.9.0.pack
                ARM.CMSIS.5.9.0
                CMSIS (Common Microcontroller Software Interface Standard)
   * Component: CORE Version: 5.6.0

Package Vendor: Keil
                https://www.keil.com/pack/Keil.STM32F1xx_DFP.2.4.1.pack
                Keil.STM32F1xx_DFP.2.4.1
                STMicroelectronics STM32F1 Series Device Support, Drivers and Examples

<h2>Collection of Component include folders:</h2>
  ./RTE/_51_Wifi_Test_HAL
  D:/Users/Administrator/AppData/Local/Arm/Packs/ARM/CMSIS/5.9.0/CMSIS/Core/Include
  D:/Users/Administrator/AppData/Local/Arm/Packs/Keil/STM32F1xx_DFP/2.4.1/Device/Include

<h2>Collection of Component Files used:</h2>

   * Component: ARM::CMSIS:CORE:5.6.0
      Include file:  CMSIS/Core/Include/tz_context.h
Build Time Elapsed:  00:00:57
</pre>
</body>
</html>
