<!doctype html public "-//w3c//dtd html 4.0 transitional//en">
<html><head>
<title>Static Call Graph - [53_LoRa_SendNode_HAL\53_LoRa_SendNode_HAL.axf]</title></head>
<body><HR>
<H1>Static Call Graph for image 53_LoRa_SendNode_HAL\53_LoRa_SendNode_HAL.axf</H1><HR>
<BR><P>#&#060CALLGRAPH&#062# ARM Linker, 5060960: Last Updated: Wed Aug 20 19:56:37 2025
<BR><P>
<H3>Maximum Stack Usage =        248 bytes + Unknown(Cycles, Untraceable Function Pointers)</H3><H3>
Call chain for Maximum Stack Depth:</H3>
Ebyte_E220x_Init &rArr; Ebyte_E220x_SetRfFrequency &rArr; Ebyte_E220x_WriteRegister &rArr; Ebyte_E220x_WriteRegisters &rArr; Ebyte_E220x_CheckReady &rArr; Ebyte_E220x_Wakeup &rArr; Ebyte_Port_SpiTransmitAndReceivce &rArr; HAL_SPI_TransmitReceive &rArr; SPI_EndRxTxTransaction &rArr; SPI_WaitFlagStateUntilTimeout
<P>
<H3>
Mutually Recursive functions
</H3> <LI><a href="#[1c]">ADC1_2_IRQHandler</a>&nbsp;&nbsp;&nbsp;&rArr;&nbsp;&nbsp;&nbsp;<a href="#[1c]">ADC1_2_IRQHandler</a><BR>
</UL>
<P>
<H3>
Function Pointers
</H3><UL>
 <LI><a href="#[1c]">ADC1_2_IRQHandler</a> from startup_stm32f103xe.o(.text) referenced from startup_stm32f103xe.o(RESET)
 <LI><a href="#[39]">ADC3_IRQHandler</a> from startup_stm32f103xe.o(.text) referenced from startup_stm32f103xe.o(RESET)
 <LI><a href="#[4]">BusFault_Handler</a> from stm32f1xx_it.o(i.BusFault_Handler) referenced from startup_stm32f103xe.o(RESET)
 <LI><a href="#[1f]">CAN1_RX1_IRQHandler</a> from startup_stm32f103xe.o(.text) referenced from startup_stm32f103xe.o(RESET)
 <LI><a href="#[20]">CAN1_SCE_IRQHandler</a> from startup_stm32f103xe.o(.text) referenced from startup_stm32f103xe.o(RESET)
 <LI><a href="#[15]">DMA1_Channel1_IRQHandler</a> from startup_stm32f103xe.o(.text) referenced from startup_stm32f103xe.o(RESET)
 <LI><a href="#[16]">DMA1_Channel2_IRQHandler</a> from startup_stm32f103xe.o(.text) referenced from startup_stm32f103xe.o(RESET)
 <LI><a href="#[17]">DMA1_Channel3_IRQHandler</a> from startup_stm32f103xe.o(.text) referenced from startup_stm32f103xe.o(RESET)
 <LI><a href="#[18]">DMA1_Channel4_IRQHandler</a> from startup_stm32f103xe.o(.text) referenced from startup_stm32f103xe.o(RESET)
 <LI><a href="#[19]">DMA1_Channel5_IRQHandler</a> from startup_stm32f103xe.o(.text) referenced from startup_stm32f103xe.o(RESET)
 <LI><a href="#[1a]">DMA1_Channel6_IRQHandler</a> from startup_stm32f103xe.o(.text) referenced from startup_stm32f103xe.o(RESET)
 <LI><a href="#[1b]">DMA1_Channel7_IRQHandler</a> from startup_stm32f103xe.o(.text) referenced from startup_stm32f103xe.o(RESET)
 <LI><a href="#[42]">DMA2_Channel1_IRQHandler</a> from startup_stm32f103xe.o(.text) referenced from startup_stm32f103xe.o(RESET)
 <LI><a href="#[43]">DMA2_Channel2_IRQHandler</a> from startup_stm32f103xe.o(.text) referenced from startup_stm32f103xe.o(RESET)
 <LI><a href="#[44]">DMA2_Channel3_IRQHandler</a> from startup_stm32f103xe.o(.text) referenced from startup_stm32f103xe.o(RESET)
 <LI><a href="#[45]">DMA2_Channel4_5_IRQHandler</a> from startup_stm32f103xe.o(.text) referenced from startup_stm32f103xe.o(RESET)
 <LI><a href="#[7]">DebugMon_Handler</a> from stm32f1xx_it.o(i.DebugMon_Handler) referenced from startup_stm32f103xe.o(RESET)
 <LI><a href="#[10]">EXTI0_IRQHandler</a> from startup_stm32f103xe.o(.text) referenced from startup_stm32f103xe.o(RESET)
 <LI><a href="#[32]">EXTI15_10_IRQHandler</a> from stm32f1xx_it.o(i.EXTI15_10_IRQHandler) referenced from startup_stm32f103xe.o(RESET)
 <LI><a href="#[11]">EXTI1_IRQHandler</a> from startup_stm32f103xe.o(.text) referenced from startup_stm32f103xe.o(RESET)
 <LI><a href="#[12]">EXTI2_IRQHandler</a> from startup_stm32f103xe.o(.text) referenced from startup_stm32f103xe.o(RESET)
 <LI><a href="#[13]">EXTI3_IRQHandler</a> from startup_stm32f103xe.o(.text) referenced from startup_stm32f103xe.o(RESET)
 <LI><a href="#[14]">EXTI4_IRQHandler</a> from startup_stm32f103xe.o(.text) referenced from startup_stm32f103xe.o(RESET)
 <LI><a href="#[21]">EXTI9_5_IRQHandler</a> from startup_stm32f103xe.o(.text) referenced from startup_stm32f103xe.o(RESET)
 <LI><a href="#[52]">Ebyte_E220x_GetDriverVersion</a> from ebyte_e220x.o(i.Ebyte_E220x_GetDriverVersion) referenced from ebyte_core.o(.constdata)
 <LI><a href="#[51]">Ebyte_E220x_GetName</a> from ebyte_e220x.o(i.Ebyte_E220x_GetName) referenced from ebyte_core.o(.constdata)
 <LI><a href="#[4b]">Ebyte_E220x_Init</a> from ebyte_e220x.o(i.Ebyte_E220x_Init) referenced from ebyte_core.o(.constdata)
 <LI><a href="#[4f]">Ebyte_E220x_IntOrPollTask</a> from ebyte_e220x.o(i.Ebyte_E220x_IntOrPollTask) referenced from ebyte_core.o(.constdata)
 <LI><a href="#[50]">Ebyte_E220x_InterruptTrigger</a> from ebyte_e220x.o(i.Ebyte_E220x_InterruptTrigger) referenced from ebyte_core.o(.constdata)
 <LI><a href="#[4c]">Ebyte_E220x_SendPayload</a> from ebyte_e220x.o(i.Ebyte_E220x_SendPayload) referenced from ebyte_core.o(.constdata)
 <LI><a href="#[4e]">Ebyte_E220x_SetRx</a> from ebyte_e220x.o(i.Ebyte_E220x_SetRx) referenced from ebyte_core.o(.constdata)
 <LI><a href="#[4d]">Ebyte_E220x_SetSleep</a> from ebyte_e220x.o(i.Ebyte_E220x_SetSleep) referenced from ebyte_core.o(.constdata)
 <LI><a href="#[e]">FLASH_IRQHandler</a> from startup_stm32f103xe.o(.text) referenced from startup_stm32f103xe.o(RESET)
 <LI><a href="#[3a]">FSMC_IRQHandler</a> from startup_stm32f103xe.o(.text) referenced from startup_stm32f103xe.o(RESET)
 <LI><a href="#[2]">HardFault_Handler</a> from stm32f1xx_it.o(i.HardFault_Handler) referenced from startup_stm32f103xe.o(RESET)
 <LI><a href="#[2a]">I2C1_ER_IRQHandler</a> from startup_stm32f103xe.o(.text) referenced from startup_stm32f103xe.o(RESET)
 <LI><a href="#[29]">I2C1_EV_IRQHandler</a> from startup_stm32f103xe.o(.text) referenced from startup_stm32f103xe.o(RESET)
 <LI><a href="#[2c]">I2C2_ER_IRQHandler</a> from startup_stm32f103xe.o(.text) referenced from startup_stm32f103xe.o(RESET)
 <LI><a href="#[2b]">I2C2_EV_IRQHandler</a> from startup_stm32f103xe.o(.text) referenced from startup_stm32f103xe.o(RESET)
 <LI><a href="#[3]">MemManage_Handler</a> from stm32f1xx_it.o(i.MemManage_Handler) referenced from startup_stm32f103xe.o(RESET)
 <LI><a href="#[1]">NMI_Handler</a> from stm32f1xx_it.o(i.NMI_Handler) referenced from startup_stm32f103xe.o(RESET)
 <LI><a href="#[b]">PVD_IRQHandler</a> from startup_stm32f103xe.o(.text) referenced from startup_stm32f103xe.o(RESET)
 <LI><a href="#[8]">PendSV_Handler</a> from stm32f1xx_it.o(i.PendSV_Handler) referenced from startup_stm32f103xe.o(RESET)
 <LI><a href="#[f]">RCC_IRQHandler</a> from startup_stm32f103xe.o(.text) referenced from startup_stm32f103xe.o(RESET)
 <LI><a href="#[33]">RTC_Alarm_IRQHandler</a> from startup_stm32f103xe.o(.text) referenced from startup_stm32f103xe.o(RESET)
 <LI><a href="#[d]">RTC_IRQHandler</a> from startup_stm32f103xe.o(.text) referenced from startup_stm32f103xe.o(RESET)
 <LI><a href="#[0]">Reset_Handler</a> from startup_stm32f103xe.o(.text) referenced from startup_stm32f103xe.o(RESET)
 <LI><a href="#[3b]">SDIO_IRQHandler</a> from startup_stm32f103xe.o(.text) referenced from startup_stm32f103xe.o(RESET)
 <LI><a href="#[2d]">SPI1_IRQHandler</a> from startup_stm32f103xe.o(.text) referenced from startup_stm32f103xe.o(RESET)
 <LI><a href="#[2e]">SPI2_IRQHandler</a> from startup_stm32f103xe.o(.text) referenced from startup_stm32f103xe.o(RESET)
 <LI><a href="#[3d]">SPI3_IRQHandler</a> from startup_stm32f103xe.o(.text) referenced from startup_stm32f103xe.o(RESET)
 <LI><a href="#[6]">SVC_Handler</a> from stm32f1xx_it.o(i.SVC_Handler) referenced from startup_stm32f103xe.o(RESET)
 <LI><a href="#[9]">SysTick_Handler</a> from stm32f1xx_it.o(i.SysTick_Handler) referenced from startup_stm32f103xe.o(RESET)
 <LI><a href="#[47]">SystemInit</a> from system_stm32f1xx.o(i.SystemInit) referenced from startup_stm32f103xe.o(.text)
 <LI><a href="#[c]">TAMPER_IRQHandler</a> from startup_stm32f103xe.o(.text) referenced from startup_stm32f103xe.o(RESET)
 <LI><a href="#[22]">TIM1_BRK_IRQHandler</a> from startup_stm32f103xe.o(.text) referenced from startup_stm32f103xe.o(RESET)
 <LI><a href="#[25]">TIM1_CC_IRQHandler</a> from startup_stm32f103xe.o(.text) referenced from startup_stm32f103xe.o(RESET)
 <LI><a href="#[24]">TIM1_TRG_COM_IRQHandler</a> from startup_stm32f103xe.o(.text) referenced from startup_stm32f103xe.o(RESET)
 <LI><a href="#[23]">TIM1_UP_IRQHandler</a> from startup_stm32f103xe.o(.text) referenced from startup_stm32f103xe.o(RESET)
 <LI><a href="#[26]">TIM2_IRQHandler</a> from startup_stm32f103xe.o(.text) referenced from startup_stm32f103xe.o(RESET)
 <LI><a href="#[27]">TIM3_IRQHandler</a> from startup_stm32f103xe.o(.text) referenced from startup_stm32f103xe.o(RESET)
 <LI><a href="#[28]">TIM4_IRQHandler</a> from startup_stm32f103xe.o(.text) referenced from startup_stm32f103xe.o(RESET)
 <LI><a href="#[3c]">TIM5_IRQHandler</a> from startup_stm32f103xe.o(.text) referenced from startup_stm32f103xe.o(RESET)
 <LI><a href="#[40]">TIM6_IRQHandler</a> from startup_stm32f103xe.o(.text) referenced from startup_stm32f103xe.o(RESET)
 <LI><a href="#[41]">TIM7_IRQHandler</a> from startup_stm32f103xe.o(.text) referenced from startup_stm32f103xe.o(RESET)
 <LI><a href="#[35]">TIM8_BRK_IRQHandler</a> from startup_stm32f103xe.o(.text) referenced from startup_stm32f103xe.o(RESET)
 <LI><a href="#[38]">TIM8_CC_IRQHandler</a> from startup_stm32f103xe.o(.text) referenced from startup_stm32f103xe.o(RESET)
 <LI><a href="#[37]">TIM8_TRG_COM_IRQHandler</a> from startup_stm32f103xe.o(.text) referenced from startup_stm32f103xe.o(RESET)
 <LI><a href="#[36]">TIM8_UP_IRQHandler</a> from startup_stm32f103xe.o(.text) referenced from startup_stm32f103xe.o(RESET)
 <LI><a href="#[3e]">UART4_IRQHandler</a> from startup_stm32f103xe.o(.text) referenced from startup_stm32f103xe.o(RESET)
 <LI><a href="#[3f]">UART5_IRQHandler</a> from startup_stm32f103xe.o(.text) referenced from startup_stm32f103xe.o(RESET)
 <LI><a href="#[2f]">USART1_IRQHandler</a> from startup_stm32f103xe.o(.text) referenced from startup_stm32f103xe.o(RESET)
 <LI><a href="#[30]">USART2_IRQHandler</a> from startup_stm32f103xe.o(.text) referenced from startup_stm32f103xe.o(RESET)
 <LI><a href="#[31]">USART3_IRQHandler</a> from startup_stm32f103xe.o(.text) referenced from startup_stm32f103xe.o(RESET)
 <LI><a href="#[34]">USBWakeUp_IRQHandler</a> from startup_stm32f103xe.o(.text) referenced from startup_stm32f103xe.o(RESET)
 <LI><a href="#[1d]">USB_HP_CAN1_TX_IRQHandler</a> from startup_stm32f103xe.o(.text) referenced from startup_stm32f103xe.o(RESET)
 <LI><a href="#[1e]">USB_LP_CAN1_RX0_IRQHandler</a> from startup_stm32f103xe.o(.text) referenced from startup_stm32f103xe.o(RESET)
 <LI><a href="#[5]">UsageFault_Handler</a> from stm32f1xx_it.o(i.UsageFault_Handler) referenced from startup_stm32f103xe.o(RESET)
 <LI><a href="#[a]">WWDG_IRQHandler</a> from startup_stm32f103xe.o(.text) referenced from startup_stm32f103xe.o(RESET)
 <LI><a href="#[48]">__main</a> from entry.o(.ARM.Collect$$$$00000000) referenced from startup_stm32f103xe.o(.text)
 <LI><a href="#[4a]">_sputc</a> from printf1.o(i._sputc) referenced from printf1.o(i.__0sprintf$1)
 <LI><a href="#[49]">fputc</a> from usart.o(i.fputc) referenced from printf1.o(i.__0printf$1)
 <LI><a href="#[46]">main</a> from main.o(i.main) referenced from entry9a.o(.ARM.Collect$$$$0000000B)
</UL>
<P>
<H3>
Global Symbols
</H3>
<P><STRONG><a name="[48]"></a>__main</STRONG> (Thumb, 0 bytes, Stack size unknown bytes, entry.o(.ARM.Collect$$$$00000000))
<BR>[Address Reference Count : 1]<UL><LI> startup_stm32f103xe.o(.text)
</UL>
<P><STRONG><a name="[c4]"></a>_main_stk</STRONG> (Thumb, 0 bytes, Stack size unknown bytes, entry2.o(.ARM.Collect$$$$00000001))

<P><STRONG><a name="[53]"></a>_main_scatterload</STRONG> (Thumb, 0 bytes, Stack size unknown bytes, entry5.o(.ARM.Collect$$$$00000004))
<BR><BR>[Calls]<UL><LI><a href="#[54]">&gt;&gt;</a>&nbsp;&nbsp;&nbsp;__scatterload
</UL>

<P><STRONG><a name="[5f]"></a>__main_after_scatterload</STRONG> (Thumb, 0 bytes, Stack size unknown bytes, entry5.o(.ARM.Collect$$$$00000004))
<BR><BR>[Called By]<UL><LI><a href="#[54]">&gt;&gt;</a>&nbsp;&nbsp;&nbsp;__scatterload
</UL>

<P><STRONG><a name="[c5]"></a>_main_clock</STRONG> (Thumb, 0 bytes, Stack size unknown bytes, entry7b.o(.ARM.Collect$$$$00000008))

<P><STRONG><a name="[c6]"></a>_main_cpp_init</STRONG> (Thumb, 0 bytes, Stack size unknown bytes, entry8b.o(.ARM.Collect$$$$0000000A))

<P><STRONG><a name="[c7]"></a>_main_init</STRONG> (Thumb, 0 bytes, Stack size unknown bytes, entry9a.o(.ARM.Collect$$$$0000000B))

<P><STRONG><a name="[c8]"></a>__rt_lib_shutdown_fini</STRONG> (Thumb, 0 bytes, Stack size unknown bytes, entry12b.o(.ARM.Collect$$$$0000000E))

<P><STRONG><a name="[c9]"></a>__rt_final_cpp</STRONG> (Thumb, 0 bytes, Stack size unknown bytes, entry10a.o(.ARM.Collect$$$$0000000F))

<P><STRONG><a name="[ca]"></a>__rt_final_exit</STRONG> (Thumb, 0 bytes, Stack size unknown bytes, entry11a.o(.ARM.Collect$$$$00000011))

<P><STRONG><a name="[0]"></a>Reset_Handler</STRONG> (Thumb, 8 bytes, Stack size 0 bytes, startup_stm32f103xe.o(.text))
<BR>[Address Reference Count : 1]<UL><LI> startup_stm32f103xe.o(RESET)
</UL>
<P><STRONG><a name="[1c]"></a>ADC1_2_IRQHandler</STRONG> (Thumb, 0 bytes, Stack size 0 bytes, startup_stm32f103xe.o(.text))
<BR><BR>[Calls]<UL><LI><a href="#[1c]">&gt;&gt;</a>&nbsp;&nbsp;&nbsp;ADC1_2_IRQHandler
</UL>
<BR>[Called By]<UL><LI><a href="#[1c]">&gt;&gt;</a>&nbsp;&nbsp;&nbsp;ADC1_2_IRQHandler
</UL>
<BR>[Address Reference Count : 1]<UL><LI> startup_stm32f103xe.o(RESET)
</UL>
<P><STRONG><a name="[39]"></a>ADC3_IRQHandler</STRONG> (Thumb, 0 bytes, Stack size 0 bytes, startup_stm32f103xe.o(.text))
<BR>[Address Reference Count : 1]<UL><LI> startup_stm32f103xe.o(RESET)
</UL>
<P><STRONG><a name="[1f]"></a>CAN1_RX1_IRQHandler</STRONG> (Thumb, 0 bytes, Stack size 0 bytes, startup_stm32f103xe.o(.text))
<BR>[Address Reference Count : 1]<UL><LI> startup_stm32f103xe.o(RESET)
</UL>
<P><STRONG><a name="[20]"></a>CAN1_SCE_IRQHandler</STRONG> (Thumb, 0 bytes, Stack size 0 bytes, startup_stm32f103xe.o(.text))
<BR>[Address Reference Count : 1]<UL><LI> startup_stm32f103xe.o(RESET)
</UL>
<P><STRONG><a name="[15]"></a>DMA1_Channel1_IRQHandler</STRONG> (Thumb, 0 bytes, Stack size 0 bytes, startup_stm32f103xe.o(.text))
<BR>[Address Reference Count : 1]<UL><LI> startup_stm32f103xe.o(RESET)
</UL>
<P><STRONG><a name="[16]"></a>DMA1_Channel2_IRQHandler</STRONG> (Thumb, 0 bytes, Stack size 0 bytes, startup_stm32f103xe.o(.text))
<BR>[Address Reference Count : 1]<UL><LI> startup_stm32f103xe.o(RESET)
</UL>
<P><STRONG><a name="[17]"></a>DMA1_Channel3_IRQHandler</STRONG> (Thumb, 0 bytes, Stack size 0 bytes, startup_stm32f103xe.o(.text))
<BR>[Address Reference Count : 1]<UL><LI> startup_stm32f103xe.o(RESET)
</UL>
<P><STRONG><a name="[18]"></a>DMA1_Channel4_IRQHandler</STRONG> (Thumb, 0 bytes, Stack size 0 bytes, startup_stm32f103xe.o(.text))
<BR>[Address Reference Count : 1]<UL><LI> startup_stm32f103xe.o(RESET)
</UL>
<P><STRONG><a name="[19]"></a>DMA1_Channel5_IRQHandler</STRONG> (Thumb, 0 bytes, Stack size 0 bytes, startup_stm32f103xe.o(.text))
<BR>[Address Reference Count : 1]<UL><LI> startup_stm32f103xe.o(RESET)
</UL>
<P><STRONG><a name="[1a]"></a>DMA1_Channel6_IRQHandler</STRONG> (Thumb, 0 bytes, Stack size 0 bytes, startup_stm32f103xe.o(.text))
<BR>[Address Reference Count : 1]<UL><LI> startup_stm32f103xe.o(RESET)
</UL>
<P><STRONG><a name="[1b]"></a>DMA1_Channel7_IRQHandler</STRONG> (Thumb, 0 bytes, Stack size 0 bytes, startup_stm32f103xe.o(.text))
<BR>[Address Reference Count : 1]<UL><LI> startup_stm32f103xe.o(RESET)
</UL>
<P><STRONG><a name="[42]"></a>DMA2_Channel1_IRQHandler</STRONG> (Thumb, 0 bytes, Stack size 0 bytes, startup_stm32f103xe.o(.text))
<BR>[Address Reference Count : 1]<UL><LI> startup_stm32f103xe.o(RESET)
</UL>
<P><STRONG><a name="[43]"></a>DMA2_Channel2_IRQHandler</STRONG> (Thumb, 0 bytes, Stack size 0 bytes, startup_stm32f103xe.o(.text))
<BR>[Address Reference Count : 1]<UL><LI> startup_stm32f103xe.o(RESET)
</UL>
<P><STRONG><a name="[44]"></a>DMA2_Channel3_IRQHandler</STRONG> (Thumb, 0 bytes, Stack size 0 bytes, startup_stm32f103xe.o(.text))
<BR>[Address Reference Count : 1]<UL><LI> startup_stm32f103xe.o(RESET)
</UL>
<P><STRONG><a name="[45]"></a>DMA2_Channel4_5_IRQHandler</STRONG> (Thumb, 0 bytes, Stack size 0 bytes, startup_stm32f103xe.o(.text))
<BR>[Address Reference Count : 1]<UL><LI> startup_stm32f103xe.o(RESET)
</UL>
<P><STRONG><a name="[10]"></a>EXTI0_IRQHandler</STRONG> (Thumb, 0 bytes, Stack size 0 bytes, startup_stm32f103xe.o(.text))
<BR>[Address Reference Count : 1]<UL><LI> startup_stm32f103xe.o(RESET)
</UL>
<P><STRONG><a name="[11]"></a>EXTI1_IRQHandler</STRONG> (Thumb, 0 bytes, Stack size 0 bytes, startup_stm32f103xe.o(.text))
<BR>[Address Reference Count : 1]<UL><LI> startup_stm32f103xe.o(RESET)
</UL>
<P><STRONG><a name="[12]"></a>EXTI2_IRQHandler</STRONG> (Thumb, 0 bytes, Stack size 0 bytes, startup_stm32f103xe.o(.text))
<BR>[Address Reference Count : 1]<UL><LI> startup_stm32f103xe.o(RESET)
</UL>
<P><STRONG><a name="[13]"></a>EXTI3_IRQHandler</STRONG> (Thumb, 0 bytes, Stack size 0 bytes, startup_stm32f103xe.o(.text))
<BR>[Address Reference Count : 1]<UL><LI> startup_stm32f103xe.o(RESET)
</UL>
<P><STRONG><a name="[14]"></a>EXTI4_IRQHandler</STRONG> (Thumb, 0 bytes, Stack size 0 bytes, startup_stm32f103xe.o(.text))
<BR>[Address Reference Count : 1]<UL><LI> startup_stm32f103xe.o(RESET)
</UL>
<P><STRONG><a name="[21]"></a>EXTI9_5_IRQHandler</STRONG> (Thumb, 0 bytes, Stack size 0 bytes, startup_stm32f103xe.o(.text))
<BR>[Address Reference Count : 1]<UL><LI> startup_stm32f103xe.o(RESET)
</UL>
<P><STRONG><a name="[e]"></a>FLASH_IRQHandler</STRONG> (Thumb, 0 bytes, Stack size 0 bytes, startup_stm32f103xe.o(.text))
<BR>[Address Reference Count : 1]<UL><LI> startup_stm32f103xe.o(RESET)
</UL>
<P><STRONG><a name="[3a]"></a>FSMC_IRQHandler</STRONG> (Thumb, 0 bytes, Stack size 0 bytes, startup_stm32f103xe.o(.text))
<BR>[Address Reference Count : 1]<UL><LI> startup_stm32f103xe.o(RESET)
</UL>
<P><STRONG><a name="[2a]"></a>I2C1_ER_IRQHandler</STRONG> (Thumb, 0 bytes, Stack size 0 bytes, startup_stm32f103xe.o(.text))
<BR>[Address Reference Count : 1]<UL><LI> startup_stm32f103xe.o(RESET)
</UL>
<P><STRONG><a name="[29]"></a>I2C1_EV_IRQHandler</STRONG> (Thumb, 0 bytes, Stack size 0 bytes, startup_stm32f103xe.o(.text))
<BR>[Address Reference Count : 1]<UL><LI> startup_stm32f103xe.o(RESET)
</UL>
<P><STRONG><a name="[2c]"></a>I2C2_ER_IRQHandler</STRONG> (Thumb, 0 bytes, Stack size 0 bytes, startup_stm32f103xe.o(.text))
<BR>[Address Reference Count : 1]<UL><LI> startup_stm32f103xe.o(RESET)
</UL>
<P><STRONG><a name="[2b]"></a>I2C2_EV_IRQHandler</STRONG> (Thumb, 0 bytes, Stack size 0 bytes, startup_stm32f103xe.o(.text))
<BR>[Address Reference Count : 1]<UL><LI> startup_stm32f103xe.o(RESET)
</UL>
<P><STRONG><a name="[b]"></a>PVD_IRQHandler</STRONG> (Thumb, 0 bytes, Stack size 0 bytes, startup_stm32f103xe.o(.text))
<BR>[Address Reference Count : 1]<UL><LI> startup_stm32f103xe.o(RESET)
</UL>
<P><STRONG><a name="[f]"></a>RCC_IRQHandler</STRONG> (Thumb, 0 bytes, Stack size 0 bytes, startup_stm32f103xe.o(.text))
<BR>[Address Reference Count : 1]<UL><LI> startup_stm32f103xe.o(RESET)
</UL>
<P><STRONG><a name="[33]"></a>RTC_Alarm_IRQHandler</STRONG> (Thumb, 0 bytes, Stack size 0 bytes, startup_stm32f103xe.o(.text))
<BR>[Address Reference Count : 1]<UL><LI> startup_stm32f103xe.o(RESET)
</UL>
<P><STRONG><a name="[d]"></a>RTC_IRQHandler</STRONG> (Thumb, 0 bytes, Stack size 0 bytes, startup_stm32f103xe.o(.text))
<BR>[Address Reference Count : 1]<UL><LI> startup_stm32f103xe.o(RESET)
</UL>
<P><STRONG><a name="[3b]"></a>SDIO_IRQHandler</STRONG> (Thumb, 0 bytes, Stack size 0 bytes, startup_stm32f103xe.o(.text))
<BR>[Address Reference Count : 1]<UL><LI> startup_stm32f103xe.o(RESET)
</UL>
<P><STRONG><a name="[2d]"></a>SPI1_IRQHandler</STRONG> (Thumb, 0 bytes, Stack size 0 bytes, startup_stm32f103xe.o(.text))
<BR>[Address Reference Count : 1]<UL><LI> startup_stm32f103xe.o(RESET)
</UL>
<P><STRONG><a name="[2e]"></a>SPI2_IRQHandler</STRONG> (Thumb, 0 bytes, Stack size 0 bytes, startup_stm32f103xe.o(.text))
<BR>[Address Reference Count : 1]<UL><LI> startup_stm32f103xe.o(RESET)
</UL>
<P><STRONG><a name="[3d]"></a>SPI3_IRQHandler</STRONG> (Thumb, 0 bytes, Stack size 0 bytes, startup_stm32f103xe.o(.text))
<BR>[Address Reference Count : 1]<UL><LI> startup_stm32f103xe.o(RESET)
</UL>
<P><STRONG><a name="[c]"></a>TAMPER_IRQHandler</STRONG> (Thumb, 0 bytes, Stack size 0 bytes, startup_stm32f103xe.o(.text))
<BR>[Address Reference Count : 1]<UL><LI> startup_stm32f103xe.o(RESET)
</UL>
<P><STRONG><a name="[22]"></a>TIM1_BRK_IRQHandler</STRONG> (Thumb, 0 bytes, Stack size 0 bytes, startup_stm32f103xe.o(.text))
<BR>[Address Reference Count : 1]<UL><LI> startup_stm32f103xe.o(RESET)
</UL>
<P><STRONG><a name="[25]"></a>TIM1_CC_IRQHandler</STRONG> (Thumb, 0 bytes, Stack size 0 bytes, startup_stm32f103xe.o(.text))
<BR>[Address Reference Count : 1]<UL><LI> startup_stm32f103xe.o(RESET)
</UL>
<P><STRONG><a name="[24]"></a>TIM1_TRG_COM_IRQHandler</STRONG> (Thumb, 0 bytes, Stack size 0 bytes, startup_stm32f103xe.o(.text))
<BR>[Address Reference Count : 1]<UL><LI> startup_stm32f103xe.o(RESET)
</UL>
<P><STRONG><a name="[23]"></a>TIM1_UP_IRQHandler</STRONG> (Thumb, 0 bytes, Stack size 0 bytes, startup_stm32f103xe.o(.text))
<BR>[Address Reference Count : 1]<UL><LI> startup_stm32f103xe.o(RESET)
</UL>
<P><STRONG><a name="[26]"></a>TIM2_IRQHandler</STRONG> (Thumb, 0 bytes, Stack size 0 bytes, startup_stm32f103xe.o(.text))
<BR>[Address Reference Count : 1]<UL><LI> startup_stm32f103xe.o(RESET)
</UL>
<P><STRONG><a name="[27]"></a>TIM3_IRQHandler</STRONG> (Thumb, 0 bytes, Stack size 0 bytes, startup_stm32f103xe.o(.text))
<BR>[Address Reference Count : 1]<UL><LI> startup_stm32f103xe.o(RESET)
</UL>
<P><STRONG><a name="[28]"></a>TIM4_IRQHandler</STRONG> (Thumb, 0 bytes, Stack size 0 bytes, startup_stm32f103xe.o(.text))
<BR>[Address Reference Count : 1]<UL><LI> startup_stm32f103xe.o(RESET)
</UL>
<P><STRONG><a name="[3c]"></a>TIM5_IRQHandler</STRONG> (Thumb, 0 bytes, Stack size 0 bytes, startup_stm32f103xe.o(.text))
<BR>[Address Reference Count : 1]<UL><LI> startup_stm32f103xe.o(RESET)
</UL>
<P><STRONG><a name="[40]"></a>TIM6_IRQHandler</STRONG> (Thumb, 0 bytes, Stack size 0 bytes, startup_stm32f103xe.o(.text))
<BR>[Address Reference Count : 1]<UL><LI> startup_stm32f103xe.o(RESET)
</UL>
<P><STRONG><a name="[41]"></a>TIM7_IRQHandler</STRONG> (Thumb, 0 bytes, Stack size 0 bytes, startup_stm32f103xe.o(.text))
<BR>[Address Reference Count : 1]<UL><LI> startup_stm32f103xe.o(RESET)
</UL>
<P><STRONG><a name="[35]"></a>TIM8_BRK_IRQHandler</STRONG> (Thumb, 0 bytes, Stack size 0 bytes, startup_stm32f103xe.o(.text))
<BR>[Address Reference Count : 1]<UL><LI> startup_stm32f103xe.o(RESET)
</UL>
<P><STRONG><a name="[38]"></a>TIM8_CC_IRQHandler</STRONG> (Thumb, 0 bytes, Stack size 0 bytes, startup_stm32f103xe.o(.text))
<BR>[Address Reference Count : 1]<UL><LI> startup_stm32f103xe.o(RESET)
</UL>
<P><STRONG><a name="[37]"></a>TIM8_TRG_COM_IRQHandler</STRONG> (Thumb, 0 bytes, Stack size 0 bytes, startup_stm32f103xe.o(.text))
<BR>[Address Reference Count : 1]<UL><LI> startup_stm32f103xe.o(RESET)
</UL>
<P><STRONG><a name="[36]"></a>TIM8_UP_IRQHandler</STRONG> (Thumb, 0 bytes, Stack size 0 bytes, startup_stm32f103xe.o(.text))
<BR>[Address Reference Count : 1]<UL><LI> startup_stm32f103xe.o(RESET)
</UL>
<P><STRONG><a name="[3e]"></a>UART4_IRQHandler</STRONG> (Thumb, 0 bytes, Stack size 0 bytes, startup_stm32f103xe.o(.text))
<BR>[Address Reference Count : 1]<UL><LI> startup_stm32f103xe.o(RESET)
</UL>
<P><STRONG><a name="[3f]"></a>UART5_IRQHandler</STRONG> (Thumb, 0 bytes, Stack size 0 bytes, startup_stm32f103xe.o(.text))
<BR>[Address Reference Count : 1]<UL><LI> startup_stm32f103xe.o(RESET)
</UL>
<P><STRONG><a name="[2f]"></a>USART1_IRQHandler</STRONG> (Thumb, 0 bytes, Stack size 0 bytes, startup_stm32f103xe.o(.text))
<BR>[Address Reference Count : 1]<UL><LI> startup_stm32f103xe.o(RESET)
</UL>
<P><STRONG><a name="[30]"></a>USART2_IRQHandler</STRONG> (Thumb, 0 bytes, Stack size 0 bytes, startup_stm32f103xe.o(.text))
<BR>[Address Reference Count : 1]<UL><LI> startup_stm32f103xe.o(RESET)
</UL>
<P><STRONG><a name="[31]"></a>USART3_IRQHandler</STRONG> (Thumb, 0 bytes, Stack size 0 bytes, startup_stm32f103xe.o(.text))
<BR>[Address Reference Count : 1]<UL><LI> startup_stm32f103xe.o(RESET)
</UL>
<P><STRONG><a name="[34]"></a>USBWakeUp_IRQHandler</STRONG> (Thumb, 0 bytes, Stack size 0 bytes, startup_stm32f103xe.o(.text))
<BR>[Address Reference Count : 1]<UL><LI> startup_stm32f103xe.o(RESET)
</UL>
<P><STRONG><a name="[1d]"></a>USB_HP_CAN1_TX_IRQHandler</STRONG> (Thumb, 0 bytes, Stack size 0 bytes, startup_stm32f103xe.o(.text))
<BR>[Address Reference Count : 1]<UL><LI> startup_stm32f103xe.o(RESET)
</UL>
<P><STRONG><a name="[1e]"></a>USB_LP_CAN1_RX0_IRQHandler</STRONG> (Thumb, 0 bytes, Stack size 0 bytes, startup_stm32f103xe.o(.text))
<BR>[Address Reference Count : 1]<UL><LI> startup_stm32f103xe.o(RESET)
</UL>
<P><STRONG><a name="[a]"></a>WWDG_IRQHandler</STRONG> (Thumb, 0 bytes, Stack size 0 bytes, startup_stm32f103xe.o(.text))
<BR>[Address Reference Count : 1]<UL><LI> startup_stm32f103xe.o(RESET)
</UL>
<P><STRONG><a name="[5d]"></a>__aeabi_llsr</STRONG> (Thumb, 32 bytes, Stack size 0 bytes, llushr.o(.text))
<BR><BR>[Called By]<UL><LI><a href="#[5c]">&gt;&gt;</a>&nbsp;&nbsp;&nbsp;__aeabi_d2uiz
<LI><a href="#[5b]">&gt;&gt;</a>&nbsp;&nbsp;&nbsp;_double_epilogue
</UL>

<P><STRONG><a name="[cb]"></a>_ll_ushift_r</STRONG> (Thumb, 0 bytes, Stack size 0 bytes, llushr.o(.text), UNUSED)

<P><STRONG><a name="[56]"></a>__aeabi_memset</STRONG> (Thumb, 14 bytes, Stack size 0 bytes, memseta.o(.text), UNUSED)
<BR><BR>[Called By]<UL><LI><a href="#[57]">&gt;&gt;</a>&nbsp;&nbsp;&nbsp;_memset$wrapper
<LI><a href="#[55]">&gt;&gt;</a>&nbsp;&nbsp;&nbsp;__aeabi_memclr
</UL>

<P><STRONG><a name="[cc]"></a>__aeabi_memset4</STRONG> (Thumb, 0 bytes, Stack size 0 bytes, memseta.o(.text), UNUSED)

<P><STRONG><a name="[cd]"></a>__aeabi_memset8</STRONG> (Thumb, 0 bytes, Stack size 0 bytes, memseta.o(.text), UNUSED)

<P><STRONG><a name="[55]"></a>__aeabi_memclr</STRONG> (Thumb, 4 bytes, Stack size 0 bytes, memseta.o(.text), UNUSED)
<BR><BR>[Calls]<UL><LI><a href="#[56]">&gt;&gt;</a>&nbsp;&nbsp;&nbsp;__aeabi_memset
</UL>

<P><STRONG><a name="[ba]"></a>__aeabi_memclr4</STRONG> (Thumb, 0 bytes, Stack size 0 bytes, memseta.o(.text))
<BR><BR>[Called By]<UL><LI><a href="#[46]">&gt;&gt;</a>&nbsp;&nbsp;&nbsp;main
<LI><a href="#[b9]">&gt;&gt;</a>&nbsp;&nbsp;&nbsp;SystemClock_Config
</UL>

<P><STRONG><a name="[ce]"></a>__aeabi_memclr8</STRONG> (Thumb, 0 bytes, Stack size 0 bytes, memseta.o(.text), UNUSED)

<P><STRONG><a name="[57]"></a>_memset$wrapper</STRONG> (Thumb, 18 bytes, Stack size 8 bytes, memseta.o(.text), UNUSED)
<BR><BR>[Calls]<UL><LI><a href="#[56]">&gt;&gt;</a>&nbsp;&nbsp;&nbsp;__aeabi_memset
</UL>

<P><STRONG><a name="[c2]"></a>strlen</STRONG> (Thumb, 14 bytes, Stack size 0 bytes, strlen.o(.text))
<BR><BR>[Called By]<UL><LI><a href="#[46]">&gt;&gt;</a>&nbsp;&nbsp;&nbsp;main
</UL>

<P><STRONG><a name="[58]"></a>__aeabi_ddiv</STRONG> (Thumb, 222 bytes, Stack size 32 bytes, ddiv.o(.text))
<BR><BR>[Stack]<UL><LI>Max Depth = 40<LI>Call Chain = __aeabi_ddiv &rArr; _double_round
</UL>
<BR>[Calls]<UL><LI><a href="#[59]">&gt;&gt;</a>&nbsp;&nbsp;&nbsp;_double_round
</UL>
<BR>[Called By]<UL><LI><a href="#[7a]">&gt;&gt;</a>&nbsp;&nbsp;&nbsp;Ebyte_E220x_SetRfFrequency
</UL>

<P><STRONG><a name="[5a]"></a>__aeabi_ui2d</STRONG> (Thumb, 26 bytes, Stack size 16 bytes, dfltui.o(.text))
<BR><BR>[Stack]<UL><LI>Max Depth = 56<LI>Call Chain = __aeabi_ui2d &rArr; _double_epilogue &rArr; _double_round
</UL>
<BR>[Calls]<UL><LI><a href="#[5b]">&gt;&gt;</a>&nbsp;&nbsp;&nbsp;_double_epilogue
</UL>
<BR>[Called By]<UL><LI><a href="#[7a]">&gt;&gt;</a>&nbsp;&nbsp;&nbsp;Ebyte_E220x_SetRfFrequency
</UL>

<P><STRONG><a name="[5c]"></a>__aeabi_d2uiz</STRONG> (Thumb, 50 bytes, Stack size 8 bytes, dfixui.o(.text))
<BR><BR>[Stack]<UL><LI>Max Depth = 8<LI>Call Chain = __aeabi_d2uiz
</UL>
<BR>[Calls]<UL><LI><a href="#[5d]">&gt;&gt;</a>&nbsp;&nbsp;&nbsp;__aeabi_llsr
</UL>
<BR>[Called By]<UL><LI><a href="#[7a]">&gt;&gt;</a>&nbsp;&nbsp;&nbsp;Ebyte_E220x_SetRfFrequency
</UL>

<P><STRONG><a name="[cf]"></a>__aeabi_uidiv</STRONG> (Thumb, 0 bytes, Stack size 12 bytes, uidiv.o(.text), UNUSED)

<P><STRONG><a name="[bf]"></a>__aeabi_uidivmod</STRONG> (Thumb, 44 bytes, Stack size 12 bytes, uidiv.o(.text), UNUSED)
<BR><BR>[Called By]<UL><LI><a href="#[bd]">&gt;&gt;</a>&nbsp;&nbsp;&nbsp;_printf_core
</UL>

<P><STRONG><a name="[d0]"></a>__I$use$fp</STRONG> (Thumb, 0 bytes, Stack size 8 bytes, iusefp.o(.text), UNUSED)

<P><STRONG><a name="[59]"></a>_double_round</STRONG> (Thumb, 30 bytes, Stack size 8 bytes, depilogue.o(.text))
<BR><BR>[Stack]<UL><LI>Max Depth = 8<LI>Call Chain = _double_round
</UL>
<BR>[Called By]<UL><LI><a href="#[58]">&gt;&gt;</a>&nbsp;&nbsp;&nbsp;__aeabi_ddiv
<LI><a href="#[5b]">&gt;&gt;</a>&nbsp;&nbsp;&nbsp;_double_epilogue
</UL>

<P><STRONG><a name="[5b]"></a>_double_epilogue</STRONG> (Thumb, 156 bytes, Stack size 32 bytes, depilogue.o(.text))
<BR><BR>[Stack]<UL><LI>Max Depth = 40<LI>Call Chain = _double_epilogue &rArr; _double_round
</UL>
<BR>[Calls]<UL><LI><a href="#[5d]">&gt;&gt;</a>&nbsp;&nbsp;&nbsp;__aeabi_llsr
<LI><a href="#[5e]">&gt;&gt;</a>&nbsp;&nbsp;&nbsp;__aeabi_llsl
<LI><a href="#[59]">&gt;&gt;</a>&nbsp;&nbsp;&nbsp;_double_round
</UL>
<BR>[Called By]<UL><LI><a href="#[5a]">&gt;&gt;</a>&nbsp;&nbsp;&nbsp;__aeabi_ui2d
</UL>

<P><STRONG><a name="[54]"></a>__scatterload</STRONG> (Thumb, 28 bytes, Stack size 0 bytes, init.o(.text))
<BR><BR>[Calls]<UL><LI><a href="#[5f]">&gt;&gt;</a>&nbsp;&nbsp;&nbsp;__main_after_scatterload
</UL>
<BR>[Called By]<UL><LI><a href="#[53]">&gt;&gt;</a>&nbsp;&nbsp;&nbsp;_main_scatterload
</UL>

<P><STRONG><a name="[d1]"></a>__scatterload_rt2</STRONG> (Thumb, 0 bytes, Stack size 0 bytes, init.o(.text), UNUSED)

<P><STRONG><a name="[5e]"></a>__aeabi_llsl</STRONG> (Thumb, 30 bytes, Stack size 0 bytes, llshl.o(.text))
<BR><BR>[Called By]<UL><LI><a href="#[5b]">&gt;&gt;</a>&nbsp;&nbsp;&nbsp;_double_epilogue
</UL>

<P><STRONG><a name="[d2]"></a>_ll_shift_l</STRONG> (Thumb, 0 bytes, Stack size 0 bytes, llshl.o(.text), UNUSED)

<P><STRONG><a name="[4]"></a>BusFault_Handler</STRONG> (Thumb, 4 bytes, Stack size 0 bytes, stm32f1xx_it.o(i.BusFault_Handler))
<BR>[Address Reference Count : 1]<UL><LI> startup_stm32f103xe.o(RESET)
</UL>
<P><STRONG><a name="[7]"></a>DebugMon_Handler</STRONG> (Thumb, 2 bytes, Stack size 0 bytes, stm32f1xx_it.o(i.DebugMon_Handler))
<BR>[Address Reference Count : 1]<UL><LI> startup_stm32f103xe.o(RESET)
</UL>
<P><STRONG><a name="[32]"></a>EXTI15_10_IRQHandler</STRONG> (Thumb, 12 bytes, Stack size 8 bytes, stm32f1xx_it.o(i.EXTI15_10_IRQHandler))
<BR><BR>[Stack]<UL><LI>Max Depth = 40<LI>Call Chain = EXTI15_10_IRQHandler &rArr; HAL_GPIO_EXTI_IRQHandler &rArr; HAL_GPIO_EXTI_Callback &rArr; HAL_Delay
</UL>
<BR>[Calls]<UL><LI><a href="#[60]">&gt;&gt;</a>&nbsp;&nbsp;&nbsp;HAL_GPIO_EXTI_IRQHandler
</UL>
<BR>[Address Reference Count : 1]<UL><LI> startup_stm32f103xe.o(RESET)
</UL>
<P><STRONG><a name="[61]"></a>Ebyte_E220x_Calibrate</STRONG> (Thumb, 14 bytes, Stack size 8 bytes, ebyte_e220x.o(i.Ebyte_E220x_Calibrate))
<BR><BR>[Stack]<UL><LI>Max Depth = 176<LI>Call Chain = Ebyte_E220x_Calibrate &rArr; Ebyte_E220x_WriteCommand &rArr; Ebyte_E220x_CheckReady &rArr; Ebyte_E220x_Wakeup &rArr; Ebyte_Port_SpiTransmitAndReceivce &rArr; HAL_SPI_TransmitReceive &rArr; SPI_EndRxTxTransaction &rArr; SPI_WaitFlagStateUntilTimeout
</UL>
<BR>[Calls]<UL><LI><a href="#[62]">&gt;&gt;</a>&nbsp;&nbsp;&nbsp;Ebyte_E220x_WriteCommand
</UL>
<BR>[Called By]<UL><LI><a href="#[7a]">&gt;&gt;</a>&nbsp;&nbsp;&nbsp;Ebyte_E220x_SetRfFrequency
</UL>

<P><STRONG><a name="[63]"></a>Ebyte_E220x_CalibrateImage</STRONG> (Thumb, 114 bytes, Stack size 16 bytes, ebyte_e220x.o(i.Ebyte_E220x_CalibrateImage))
<BR><BR>[Stack]<UL><LI>Max Depth = 184<LI>Call Chain = Ebyte_E220x_CalibrateImage &rArr; Ebyte_E220x_WriteCommand &rArr; Ebyte_E220x_CheckReady &rArr; Ebyte_E220x_Wakeup &rArr; Ebyte_Port_SpiTransmitAndReceivce &rArr; HAL_SPI_TransmitReceive &rArr; SPI_EndRxTxTransaction &rArr; SPI_WaitFlagStateUntilTimeout
</UL>
<BR>[Calls]<UL><LI><a href="#[62]">&gt;&gt;</a>&nbsp;&nbsp;&nbsp;Ebyte_E220x_WriteCommand
</UL>
<BR>[Called By]<UL><LI><a href="#[7a]">&gt;&gt;</a>&nbsp;&nbsp;&nbsp;Ebyte_E220x_SetRfFrequency
</UL>

<P><STRONG><a name="[64]"></a>Ebyte_E220x_CheckReady</STRONG> (Thumb, 26 bytes, Stack size 8 bytes, ebyte_e220x.o(i.Ebyte_E220x_CheckReady))
<BR><BR>[Stack]<UL><LI>Max Depth = 144<LI>Call Chain = Ebyte_E220x_CheckReady &rArr; Ebyte_E220x_Wakeup &rArr; Ebyte_Port_SpiTransmitAndReceivce &rArr; HAL_SPI_TransmitReceive &rArr; SPI_EndRxTxTransaction &rArr; SPI_WaitFlagStateUntilTimeout
</UL>
<BR>[Calls]<UL><LI><a href="#[66]">&gt;&gt;</a>&nbsp;&nbsp;&nbsp;Ebyte_E220x_Wakeup
<LI><a href="#[67]">&gt;&gt;</a>&nbsp;&nbsp;&nbsp;Ebyte_E220x_WaitOnBusy
<LI><a href="#[65]">&gt;&gt;</a>&nbsp;&nbsp;&nbsp;Ebyte_E220x_GetOperatingMode
</UL>
<BR>[Called By]<UL><LI><a href="#[8d]">&gt;&gt;</a>&nbsp;&nbsp;&nbsp;Ebyte_E220x_WriteRegisters
<LI><a href="#[62]">&gt;&gt;</a>&nbsp;&nbsp;&nbsp;Ebyte_E220x_WriteCommand
<LI><a href="#[8b]">&gt;&gt;</a>&nbsp;&nbsp;&nbsp;Ebyte_E220x_WriteBuffer
<LI><a href="#[7f]">&gt;&gt;</a>&nbsp;&nbsp;&nbsp;Ebyte_E220x_ReadRegisters
<LI><a href="#[6a]">&gt;&gt;</a>&nbsp;&nbsp;&nbsp;Ebyte_E220x_ReadCommand
<LI><a href="#[6e]">&gt;&gt;</a>&nbsp;&nbsp;&nbsp;Ebyte_E220x_ReadBuffer
</UL>

<P><STRONG><a name="[68]"></a>Ebyte_E220x_ClearIrqStatus</STRONG> (Thumb, 28 bytes, Stack size 16 bytes, ebyte_e220x.o(i.Ebyte_E220x_ClearIrqStatus))
<BR><BR>[Stack]<UL><LI>Max Depth = 184<LI>Call Chain = Ebyte_E220x_ClearIrqStatus &rArr; Ebyte_E220x_WriteCommand &rArr; Ebyte_E220x_CheckReady &rArr; Ebyte_E220x_Wakeup &rArr; Ebyte_Port_SpiTransmitAndReceivce &rArr; HAL_SPI_TransmitReceive &rArr; SPI_EndRxTxTransaction &rArr; SPI_WaitFlagStateUntilTimeout
</UL>
<BR>[Calls]<UL><LI><a href="#[62]">&gt;&gt;</a>&nbsp;&nbsp;&nbsp;Ebyte_E220x_WriteCommand
</UL>
<BR>[Called By]<UL><LI><a href="#[4e]">&gt;&gt;</a>&nbsp;&nbsp;&nbsp;Ebyte_E220x_SetRx
<LI><a href="#[4c]">&gt;&gt;</a>&nbsp;&nbsp;&nbsp;Ebyte_E220x_SendPayload
<LI><a href="#[4f]">&gt;&gt;</a>&nbsp;&nbsp;&nbsp;Ebyte_E220x_IntOrPollTask
<LI><a href="#[87]">&gt;&gt;</a>&nbsp;&nbsp;&nbsp;Ebyte_E220x_SetTx
</UL>

<P><STRONG><a name="[52]"></a>Ebyte_E220x_GetDriverVersion</STRONG> (Thumb, 4 bytes, Stack size 0 bytes, ebyte_e220x.o(i.Ebyte_E220x_GetDriverVersion))
<BR>[Address Reference Count : 1]<UL><LI> ebyte_core.o(.constdata)
</UL>
<P><STRONG><a name="[69]"></a>Ebyte_E220x_GetIrqStatus</STRONG> (Thumb, 26 bytes, Stack size 8 bytes, ebyte_e220x.o(i.Ebyte_E220x_GetIrqStatus))
<BR><BR>[Stack]<UL><LI>Max Depth = 176<LI>Call Chain = Ebyte_E220x_GetIrqStatus &rArr; Ebyte_E220x_ReadCommand &rArr; Ebyte_E220x_CheckReady &rArr; Ebyte_E220x_Wakeup &rArr; Ebyte_Port_SpiTransmitAndReceivce &rArr; HAL_SPI_TransmitReceive &rArr; SPI_EndRxTxTransaction &rArr; SPI_WaitFlagStateUntilTimeout
</UL>
<BR>[Calls]<UL><LI><a href="#[6a]">&gt;&gt;</a>&nbsp;&nbsp;&nbsp;Ebyte_E220x_ReadCommand
</UL>
<BR>[Called By]<UL><LI><a href="#[4c]">&gt;&gt;</a>&nbsp;&nbsp;&nbsp;Ebyte_E220x_SendPayload
<LI><a href="#[4f]">&gt;&gt;</a>&nbsp;&nbsp;&nbsp;Ebyte_E220x_IntOrPollTask
</UL>

<P><STRONG><a name="[6b]"></a>Ebyte_E220x_GetLoraPacketStatus</STRONG> (Thumb, 78 bytes, Stack size 16 bytes, ebyte_e220x.o(i.Ebyte_E220x_GetLoraPacketStatus))
<BR><BR>[Stack]<UL><LI>Max Depth = 184<LI>Call Chain = Ebyte_E220x_GetLoraPacketStatus &rArr; Ebyte_E220x_ReadCommand &rArr; Ebyte_E220x_CheckReady &rArr; Ebyte_E220x_Wakeup &rArr; Ebyte_Port_SpiTransmitAndReceivce &rArr; HAL_SPI_TransmitReceive &rArr; SPI_EndRxTxTransaction &rArr; SPI_WaitFlagStateUntilTimeout
</UL>
<BR>[Calls]<UL><LI><a href="#[6a]">&gt;&gt;</a>&nbsp;&nbsp;&nbsp;Ebyte_E220x_ReadCommand
</UL>
<BR>[Called By]<UL><LI><a href="#[4f]">&gt;&gt;</a>&nbsp;&nbsp;&nbsp;Ebyte_E220x_IntOrPollTask
</UL>

<P><STRONG><a name="[51]"></a>Ebyte_E220x_GetName</STRONG> (Thumb, 4 bytes, Stack size 0 bytes, ebyte_e220x.o(i.Ebyte_E220x_GetName))
<BR>[Address Reference Count : 1]<UL><LI> ebyte_core.o(.constdata)
</UL>
<P><STRONG><a name="[65]"></a>Ebyte_E220x_GetOperatingMode</STRONG> (Thumb, 6 bytes, Stack size 0 bytes, ebyte_e220x.o(i.Ebyte_E220x_GetOperatingMode))
<BR><BR>[Called By]<UL><LI><a href="#[64]">&gt;&gt;</a>&nbsp;&nbsp;&nbsp;Ebyte_E220x_CheckReady
</UL>

<P><STRONG><a name="[6c]"></a>Ebyte_E220x_GetPayload</STRONG> (Thumb, 46 bytes, Stack size 24 bytes, ebyte_e220x.o(i.Ebyte_E220x_GetPayload))
<BR><BR>[Stack]<UL><LI>Max Depth = 224<LI>Call Chain = Ebyte_E220x_GetPayload &rArr; Ebyte_E220x_GetRxBufferStatus &rArr; Ebyte_E220x_ReadRegister &rArr; Ebyte_E220x_ReadRegisters &rArr; Ebyte_E220x_CheckReady &rArr; Ebyte_E220x_Wakeup &rArr; Ebyte_Port_SpiTransmitAndReceivce &rArr; HAL_SPI_TransmitReceive &rArr; SPI_EndRxTxTransaction &rArr; SPI_WaitFlagStateUntilTimeout
</UL>
<BR>[Calls]<UL><LI><a href="#[6e]">&gt;&gt;</a>&nbsp;&nbsp;&nbsp;Ebyte_E220x_ReadBuffer
<LI><a href="#[6d]">&gt;&gt;</a>&nbsp;&nbsp;&nbsp;Ebyte_E220x_GetRxBufferStatus
</UL>
<BR>[Called By]<UL><LI><a href="#[4f]">&gt;&gt;</a>&nbsp;&nbsp;&nbsp;Ebyte_E220x_IntOrPollTask
</UL>

<P><STRONG><a name="[6d]"></a>Ebyte_E220x_GetRxBufferStatus</STRONG> (Thumb, 58 bytes, Stack size 16 bytes, ebyte_e220x.o(i.Ebyte_E220x_GetRxBufferStatus))
<BR><BR>[Stack]<UL><LI>Max Depth = 200<LI>Call Chain = Ebyte_E220x_GetRxBufferStatus &rArr; Ebyte_E220x_ReadRegister &rArr; Ebyte_E220x_ReadRegisters &rArr; Ebyte_E220x_CheckReady &rArr; Ebyte_E220x_Wakeup &rArr; Ebyte_Port_SpiTransmitAndReceivce &rArr; HAL_SPI_TransmitReceive &rArr; SPI_EndRxTxTransaction &rArr; SPI_WaitFlagStateUntilTimeout
</UL>
<BR>[Calls]<UL><LI><a href="#[6f]">&gt;&gt;</a>&nbsp;&nbsp;&nbsp;Ebyte_E220x_ReadRegister
<LI><a href="#[6a]">&gt;&gt;</a>&nbsp;&nbsp;&nbsp;Ebyte_E220x_ReadCommand
</UL>
<BR>[Called By]<UL><LI><a href="#[6c]">&gt;&gt;</a>&nbsp;&nbsp;&nbsp;Ebyte_E220x_GetPayload
</UL>

<P><STRONG><a name="[4b]"></a>Ebyte_E220x_Init</STRONG> (Thumb, 126 bytes, Stack size 24 bytes, ebyte_e220x.o(i.Ebyte_E220x_Init))
<BR><BR>[Stack]<UL><LI>Max Depth = 248<LI>Call Chain = Ebyte_E220x_Init &rArr; Ebyte_E220x_SetRfFrequency &rArr; Ebyte_E220x_WriteRegister &rArr; Ebyte_E220x_WriteRegisters &rArr; Ebyte_E220x_CheckReady &rArr; Ebyte_E220x_Wakeup &rArr; Ebyte_Port_SpiTransmitAndReceivce &rArr; HAL_SPI_TransmitReceive &rArr; SPI_EndRxTxTransaction &rArr; SPI_WaitFlagStateUntilTimeout
</UL>
<BR>[Calls]<UL><LI><a href="#[4e]">&gt;&gt;</a>&nbsp;&nbsp;&nbsp;Ebyte_E220x_SetRx
<LI><a href="#[72]">&gt;&gt;</a>&nbsp;&nbsp;&nbsp;Ebyte_E220x_WriteRegister
<LI><a href="#[66]">&gt;&gt;</a>&nbsp;&nbsp;&nbsp;Ebyte_E220x_Wakeup
<LI><a href="#[7b]">&gt;&gt;</a>&nbsp;&nbsp;&nbsp;Ebyte_E220x_SetTxPaParams
<LI><a href="#[71]">&gt;&gt;</a>&nbsp;&nbsp;&nbsp;Ebyte_E220x_SetStandby
<LI><a href="#[7a]">&gt;&gt;</a>&nbsp;&nbsp;&nbsp;Ebyte_E220x_SetRfFrequency
<LI><a href="#[74]">&gt;&gt;</a>&nbsp;&nbsp;&nbsp;Ebyte_E220x_SetRegulatorMode
<LI><a href="#[76]">&gt;&gt;</a>&nbsp;&nbsp;&nbsp;Ebyte_E220x_SetPacketType
<LI><a href="#[77]">&gt;&gt;</a>&nbsp;&nbsp;&nbsp;Ebyte_E220x_SetModulationLoraParams
<LI><a href="#[78]">&gt;&gt;</a>&nbsp;&nbsp;&nbsp;Ebyte_E220x_SetLoraSyncWord
<LI><a href="#[79]">&gt;&gt;</a>&nbsp;&nbsp;&nbsp;Ebyte_E220x_SetLoraPacketParams
<LI><a href="#[73]">&gt;&gt;</a>&nbsp;&nbsp;&nbsp;Ebyte_E220x_SetDio2AsRfSwitchCtrl
<LI><a href="#[75]">&gt;&gt;</a>&nbsp;&nbsp;&nbsp;Ebyte_E220x_SetBufferBaseAddress
<LI><a href="#[70]">&gt;&gt;</a>&nbsp;&nbsp;&nbsp;Ebyte_E220x_Reset
</UL>
<BR>[Address Reference Count : 1]<UL><LI> ebyte_core.o(.constdata)
</UL>
<P><STRONG><a name="[4f]"></a>Ebyte_E220x_IntOrPollTask</STRONG> (Thumb, 78 bytes, Stack size 16 bytes, ebyte_e220x.o(i.Ebyte_E220x_IntOrPollTask))
<BR><BR>[Stack]<UL><LI>Max Depth = 240<LI>Call Chain = Ebyte_E220x_IntOrPollTask &rArr; Ebyte_E220x_GetPayload &rArr; Ebyte_E220x_GetRxBufferStatus &rArr; Ebyte_E220x_ReadRegister &rArr; Ebyte_E220x_ReadRegisters &rArr; Ebyte_E220x_CheckReady &rArr; Ebyte_E220x_Wakeup &rArr; Ebyte_Port_SpiTransmitAndReceivce &rArr; HAL_SPI_TransmitReceive &rArr; SPI_EndRxTxTransaction &rArr; SPI_WaitFlagStateUntilTimeout
</UL>
<BR>[Calls]<UL><LI><a href="#[4e]">&gt;&gt;</a>&nbsp;&nbsp;&nbsp;Ebyte_E220x_SetRx
<LI><a href="#[7c]">&gt;&gt;</a>&nbsp;&nbsp;&nbsp;Ebyte_Port_ReceiveCallback
<LI><a href="#[6c]">&gt;&gt;</a>&nbsp;&nbsp;&nbsp;Ebyte_E220x_GetPayload
<LI><a href="#[6b]">&gt;&gt;</a>&nbsp;&nbsp;&nbsp;Ebyte_E220x_GetLoraPacketStatus
<LI><a href="#[69]">&gt;&gt;</a>&nbsp;&nbsp;&nbsp;Ebyte_E220x_GetIrqStatus
<LI><a href="#[68]">&gt;&gt;</a>&nbsp;&nbsp;&nbsp;Ebyte_E220x_ClearIrqStatus
</UL>
<BR>[Address Reference Count : 1]<UL><LI> ebyte_core.o(.constdata)
</UL>
<P><STRONG><a name="[50]"></a>Ebyte_E220x_InterruptTrigger</STRONG> (Thumb, 2 bytes, Stack size 0 bytes, ebyte_e220x.o(i.Ebyte_E220x_InterruptTrigger))
<BR>[Address Reference Count : 1]<UL><LI> ebyte_core.o(.constdata)
</UL>
<P><STRONG><a name="[6e]"></a>Ebyte_E220x_ReadBuffer</STRONG> (Thumb, 72 bytes, Stack size 24 bytes, ebyte_e220x.o(i.Ebyte_E220x_ReadBuffer))
<BR><BR>[Stack]<UL><LI>Max Depth = 168<LI>Call Chain = Ebyte_E220x_ReadBuffer &rArr; Ebyte_E220x_CheckReady &rArr; Ebyte_E220x_Wakeup &rArr; Ebyte_Port_SpiTransmitAndReceivce &rArr; HAL_SPI_TransmitReceive &rArr; SPI_EndRxTxTransaction &rArr; SPI_WaitFlagStateUntilTimeout
</UL>
<BR>[Calls]<UL><LI><a href="#[7e]">&gt;&gt;</a>&nbsp;&nbsp;&nbsp;Ebyte_Port_SpiTransmitAndReceivce
<LI><a href="#[7d]">&gt;&gt;</a>&nbsp;&nbsp;&nbsp;Ebyte_Port_SpiCsIoControl
<LI><a href="#[67]">&gt;&gt;</a>&nbsp;&nbsp;&nbsp;Ebyte_E220x_WaitOnBusy
<LI><a href="#[64]">&gt;&gt;</a>&nbsp;&nbsp;&nbsp;Ebyte_E220x_CheckReady
</UL>
<BR>[Called By]<UL><LI><a href="#[6c]">&gt;&gt;</a>&nbsp;&nbsp;&nbsp;Ebyte_E220x_GetPayload
</UL>

<P><STRONG><a name="[6a]"></a>Ebyte_E220x_ReadCommand</STRONG> (Thumb, 66 bytes, Stack size 24 bytes, ebyte_e220x.o(i.Ebyte_E220x_ReadCommand))
<BR><BR>[Stack]<UL><LI>Max Depth = 168<LI>Call Chain = Ebyte_E220x_ReadCommand &rArr; Ebyte_E220x_CheckReady &rArr; Ebyte_E220x_Wakeup &rArr; Ebyte_Port_SpiTransmitAndReceivce &rArr; HAL_SPI_TransmitReceive &rArr; SPI_EndRxTxTransaction &rArr; SPI_WaitFlagStateUntilTimeout
</UL>
<BR>[Calls]<UL><LI><a href="#[7e]">&gt;&gt;</a>&nbsp;&nbsp;&nbsp;Ebyte_Port_SpiTransmitAndReceivce
<LI><a href="#[7d]">&gt;&gt;</a>&nbsp;&nbsp;&nbsp;Ebyte_Port_SpiCsIoControl
<LI><a href="#[67]">&gt;&gt;</a>&nbsp;&nbsp;&nbsp;Ebyte_E220x_WaitOnBusy
<LI><a href="#[64]">&gt;&gt;</a>&nbsp;&nbsp;&nbsp;Ebyte_E220x_CheckReady
</UL>
<BR>[Called By]<UL><LI><a href="#[6d]">&gt;&gt;</a>&nbsp;&nbsp;&nbsp;Ebyte_E220x_GetRxBufferStatus
<LI><a href="#[6b]">&gt;&gt;</a>&nbsp;&nbsp;&nbsp;Ebyte_E220x_GetLoraPacketStatus
<LI><a href="#[69]">&gt;&gt;</a>&nbsp;&nbsp;&nbsp;Ebyte_E220x_GetIrqStatus
</UL>

<P><STRONG><a name="[6f]"></a>Ebyte_E220x_ReadRegister</STRONG> (Thumb, 20 bytes, Stack size 16 bytes, ebyte_e220x.o(i.Ebyte_E220x_ReadRegister))
<BR><BR>[Stack]<UL><LI>Max Depth = 184<LI>Call Chain = Ebyte_E220x_ReadRegister &rArr; Ebyte_E220x_ReadRegisters &rArr; Ebyte_E220x_CheckReady &rArr; Ebyte_E220x_Wakeup &rArr; Ebyte_Port_SpiTransmitAndReceivce &rArr; HAL_SPI_TransmitReceive &rArr; SPI_EndRxTxTransaction &rArr; SPI_WaitFlagStateUntilTimeout
</UL>
<BR>[Calls]<UL><LI><a href="#[7f]">&gt;&gt;</a>&nbsp;&nbsp;&nbsp;Ebyte_E220x_ReadRegisters
</UL>
<BR>[Called By]<UL><LI><a href="#[6d]">&gt;&gt;</a>&nbsp;&nbsp;&nbsp;Ebyte_E220x_GetRxBufferStatus
</UL>

<P><STRONG><a name="[7f]"></a>Ebyte_E220x_ReadRegisters</STRONG> (Thumb, 78 bytes, Stack size 24 bytes, ebyte_e220x.o(i.Ebyte_E220x_ReadRegisters))
<BR><BR>[Stack]<UL><LI>Max Depth = 168<LI>Call Chain = Ebyte_E220x_ReadRegisters &rArr; Ebyte_E220x_CheckReady &rArr; Ebyte_E220x_Wakeup &rArr; Ebyte_Port_SpiTransmitAndReceivce &rArr; HAL_SPI_TransmitReceive &rArr; SPI_EndRxTxTransaction &rArr; SPI_WaitFlagStateUntilTimeout
</UL>
<BR>[Calls]<UL><LI><a href="#[7e]">&gt;&gt;</a>&nbsp;&nbsp;&nbsp;Ebyte_Port_SpiTransmitAndReceivce
<LI><a href="#[7d]">&gt;&gt;</a>&nbsp;&nbsp;&nbsp;Ebyte_Port_SpiCsIoControl
<LI><a href="#[67]">&gt;&gt;</a>&nbsp;&nbsp;&nbsp;Ebyte_E220x_WaitOnBusy
<LI><a href="#[64]">&gt;&gt;</a>&nbsp;&nbsp;&nbsp;Ebyte_E220x_CheckReady
</UL>
<BR>[Called By]<UL><LI><a href="#[6f]">&gt;&gt;</a>&nbsp;&nbsp;&nbsp;Ebyte_E220x_ReadRegister
</UL>

<P><STRONG><a name="[70]"></a>Ebyte_E220x_Reset</STRONG> (Thumb, 34 bytes, Stack size 8 bytes, ebyte_e220x.o(i.Ebyte_E220x_Reset))
<BR><BR>[Stack]<UL><LI>Max Depth = 32<LI>Call Chain = Ebyte_E220x_Reset &rArr; Ebyte_Port_DelayMs &rArr; HAL_Delay
</UL>
<BR>[Calls]<UL><LI><a href="#[81]">&gt;&gt;</a>&nbsp;&nbsp;&nbsp;Ebyte_Port_RstIoControl
<LI><a href="#[80]">&gt;&gt;</a>&nbsp;&nbsp;&nbsp;Ebyte_Port_DelayMs
</UL>
<BR>[Called By]<UL><LI><a href="#[4b]">&gt;&gt;</a>&nbsp;&nbsp;&nbsp;Ebyte_E220x_Init
</UL>

<P><STRONG><a name="[82]"></a>Ebyte_E220x_RfIoEnterRxMode</STRONG> (Thumb, 16 bytes, Stack size 8 bytes, ebyte_e220x.o(i.Ebyte_E220x_RfIoEnterRxMode))
<BR><BR>[Stack]<UL><LI>Max Depth = 16<LI>Call Chain = Ebyte_E220x_RfIoEnterRxMode &rArr; Ebyte_Port_TxenIoControl
</UL>
<BR>[Calls]<UL><LI><a href="#[83]">&gt;&gt;</a>&nbsp;&nbsp;&nbsp;Ebyte_Port_TxenIoControl
<LI><a href="#[84]">&gt;&gt;</a>&nbsp;&nbsp;&nbsp;Ebyte_Port_RxenIoControl
</UL>
<BR>[Called By]<UL><LI><a href="#[4e]">&gt;&gt;</a>&nbsp;&nbsp;&nbsp;Ebyte_E220x_SetRx
</UL>

<P><STRONG><a name="[85]"></a>Ebyte_E220x_RfIoEnterTxMode</STRONG> (Thumb, 16 bytes, Stack size 8 bytes, ebyte_e220x.o(i.Ebyte_E220x_RfIoEnterTxMode))
<BR><BR>[Stack]<UL><LI>Max Depth = 16<LI>Call Chain = Ebyte_E220x_RfIoEnterTxMode &rArr; Ebyte_Port_TxenIoControl
</UL>
<BR>[Calls]<UL><LI><a href="#[83]">&gt;&gt;</a>&nbsp;&nbsp;&nbsp;Ebyte_Port_TxenIoControl
<LI><a href="#[84]">&gt;&gt;</a>&nbsp;&nbsp;&nbsp;Ebyte_Port_RxenIoControl
</UL>
<BR>[Called By]<UL><LI><a href="#[87]">&gt;&gt;</a>&nbsp;&nbsp;&nbsp;Ebyte_E220x_SetTx
</UL>

<P><STRONG><a name="[4c]"></a>Ebyte_E220x_SendPayload</STRONG> (Thumb, 66 bytes, Stack size 24 bytes, ebyte_e220x.o(i.Ebyte_E220x_SendPayload))
<BR><BR>[Stack]<UL><LI>Max Depth = 240<LI>Call Chain = Ebyte_E220x_SendPayload &rArr; Ebyte_E220x_SetTx &rArr; Ebyte_E220x_SetDioIrqParams &rArr; Ebyte_E220x_WriteCommand &rArr; Ebyte_E220x_CheckReady &rArr; Ebyte_E220x_Wakeup &rArr; Ebyte_Port_SpiTransmitAndReceivce &rArr; HAL_SPI_TransmitReceive &rArr; SPI_EndRxTxTransaction &rArr; SPI_WaitFlagStateUntilTimeout
</UL>
<BR>[Calls]<UL><LI><a href="#[88]">&gt;&gt;</a>&nbsp;&nbsp;&nbsp;Ebyte_Port_TransmitCallback
<LI><a href="#[80]">&gt;&gt;</a>&nbsp;&nbsp;&nbsp;Ebyte_Port_DelayMs
<LI><a href="#[87]">&gt;&gt;</a>&nbsp;&nbsp;&nbsp;Ebyte_E220x_SetTx
<LI><a href="#[86]">&gt;&gt;</a>&nbsp;&nbsp;&nbsp;Ebyte_E220x_SetPayload
<LI><a href="#[79]">&gt;&gt;</a>&nbsp;&nbsp;&nbsp;Ebyte_E220x_SetLoraPacketParams
<LI><a href="#[69]">&gt;&gt;</a>&nbsp;&nbsp;&nbsp;Ebyte_E220x_GetIrqStatus
<LI><a href="#[68]">&gt;&gt;</a>&nbsp;&nbsp;&nbsp;Ebyte_E220x_ClearIrqStatus
</UL>
<BR>[Address Reference Count : 1]<UL><LI> ebyte_core.o(.constdata)
</UL>
<P><STRONG><a name="[75]"></a>Ebyte_E220x_SetBufferBaseAddress</STRONG> (Thumb, 26 bytes, Stack size 16 bytes, ebyte_e220x.o(i.Ebyte_E220x_SetBufferBaseAddress))
<BR><BR>[Stack]<UL><LI>Max Depth = 184<LI>Call Chain = Ebyte_E220x_SetBufferBaseAddress &rArr; Ebyte_E220x_WriteCommand &rArr; Ebyte_E220x_CheckReady &rArr; Ebyte_E220x_Wakeup &rArr; Ebyte_Port_SpiTransmitAndReceivce &rArr; HAL_SPI_TransmitReceive &rArr; SPI_EndRxTxTransaction &rArr; SPI_WaitFlagStateUntilTimeout
</UL>
<BR>[Calls]<UL><LI><a href="#[62]">&gt;&gt;</a>&nbsp;&nbsp;&nbsp;Ebyte_E220x_WriteCommand
</UL>
<BR>[Called By]<UL><LI><a href="#[4b]">&gt;&gt;</a>&nbsp;&nbsp;&nbsp;Ebyte_E220x_Init
</UL>

<P><STRONG><a name="[73]"></a>Ebyte_E220x_SetDio2AsRfSwitchCtrl</STRONG> (Thumb, 14 bytes, Stack size 8 bytes, ebyte_e220x.o(i.Ebyte_E220x_SetDio2AsRfSwitchCtrl))
<BR><BR>[Stack]<UL><LI>Max Depth = 176<LI>Call Chain = Ebyte_E220x_SetDio2AsRfSwitchCtrl &rArr; Ebyte_E220x_WriteCommand &rArr; Ebyte_E220x_CheckReady &rArr; Ebyte_E220x_Wakeup &rArr; Ebyte_Port_SpiTransmitAndReceivce &rArr; HAL_SPI_TransmitReceive &rArr; SPI_EndRxTxTransaction &rArr; SPI_WaitFlagStateUntilTimeout
</UL>
<BR>[Calls]<UL><LI><a href="#[62]">&gt;&gt;</a>&nbsp;&nbsp;&nbsp;Ebyte_E220x_WriteCommand
</UL>
<BR>[Called By]<UL><LI><a href="#[4b]">&gt;&gt;</a>&nbsp;&nbsp;&nbsp;Ebyte_E220x_Init
</UL>

<P><STRONG><a name="[89]"></a>Ebyte_E220x_SetDioIrqParams</STRONG> (Thumb, 74 bytes, Stack size 32 bytes, ebyte_e220x.o(i.Ebyte_E220x_SetDioIrqParams))
<BR><BR>[Stack]<UL><LI>Max Depth = 200<LI>Call Chain = Ebyte_E220x_SetDioIrqParams &rArr; Ebyte_E220x_WriteCommand &rArr; Ebyte_E220x_CheckReady &rArr; Ebyte_E220x_Wakeup &rArr; Ebyte_Port_SpiTransmitAndReceivce &rArr; HAL_SPI_TransmitReceive &rArr; SPI_EndRxTxTransaction &rArr; SPI_WaitFlagStateUntilTimeout
</UL>
<BR>[Calls]<UL><LI><a href="#[62]">&gt;&gt;</a>&nbsp;&nbsp;&nbsp;Ebyte_E220x_WriteCommand
</UL>
<BR>[Called By]<UL><LI><a href="#[4e]">&gt;&gt;</a>&nbsp;&nbsp;&nbsp;Ebyte_E220x_SetRx
<LI><a href="#[87]">&gt;&gt;</a>&nbsp;&nbsp;&nbsp;Ebyte_E220x_SetTx
</UL>

<P><STRONG><a name="[79]"></a>Ebyte_E220x_SetLoraPacketParams</STRONG> (Thumb, 58 bytes, Stack size 24 bytes, ebyte_e220x.o(i.Ebyte_E220x_SetLoraPacketParams))
<BR><BR>[Stack]<UL><LI>Max Depth = 192<LI>Call Chain = Ebyte_E220x_SetLoraPacketParams &rArr; Ebyte_E220x_WriteCommand &rArr; Ebyte_E220x_CheckReady &rArr; Ebyte_E220x_Wakeup &rArr; Ebyte_Port_SpiTransmitAndReceivce &rArr; HAL_SPI_TransmitReceive &rArr; SPI_EndRxTxTransaction &rArr; SPI_WaitFlagStateUntilTimeout
</UL>
<BR>[Calls]<UL><LI><a href="#[62]">&gt;&gt;</a>&nbsp;&nbsp;&nbsp;Ebyte_E220x_WriteCommand
</UL>
<BR>[Called By]<UL><LI><a href="#[4e]">&gt;&gt;</a>&nbsp;&nbsp;&nbsp;Ebyte_E220x_SetRx
<LI><a href="#[4c]">&gt;&gt;</a>&nbsp;&nbsp;&nbsp;Ebyte_E220x_SendPayload
<LI><a href="#[4b]">&gt;&gt;</a>&nbsp;&nbsp;&nbsp;Ebyte_E220x_Init
</UL>

<P><STRONG><a name="[78]"></a>Ebyte_E220x_SetLoraSyncWord</STRONG> (Thumb, 26 bytes, Stack size 8 bytes, ebyte_e220x.o(i.Ebyte_E220x_SetLoraSyncWord))
<BR><BR>[Stack]<UL><LI>Max Depth = 192<LI>Call Chain = Ebyte_E220x_SetLoraSyncWord &rArr; Ebyte_E220x_WriteRegister &rArr; Ebyte_E220x_WriteRegisters &rArr; Ebyte_E220x_CheckReady &rArr; Ebyte_E220x_Wakeup &rArr; Ebyte_Port_SpiTransmitAndReceivce &rArr; HAL_SPI_TransmitReceive &rArr; SPI_EndRxTxTransaction &rArr; SPI_WaitFlagStateUntilTimeout
</UL>
<BR>[Calls]<UL><LI><a href="#[72]">&gt;&gt;</a>&nbsp;&nbsp;&nbsp;Ebyte_E220x_WriteRegister
</UL>
<BR>[Called By]<UL><LI><a href="#[4b]">&gt;&gt;</a>&nbsp;&nbsp;&nbsp;Ebyte_E220x_Init
</UL>

<P><STRONG><a name="[77]"></a>Ebyte_E220x_SetModulationLoraParams</STRONG> (Thumb, 44 bytes, Stack size 24 bytes, ebyte_e220x.o(i.Ebyte_E220x_SetModulationLoraParams))
<BR><BR>[Stack]<UL><LI>Max Depth = 192<LI>Call Chain = Ebyte_E220x_SetModulationLoraParams &rArr; Ebyte_E220x_WriteCommand &rArr; Ebyte_E220x_CheckReady &rArr; Ebyte_E220x_Wakeup &rArr; Ebyte_Port_SpiTransmitAndReceivce &rArr; HAL_SPI_TransmitReceive &rArr; SPI_EndRxTxTransaction &rArr; SPI_WaitFlagStateUntilTimeout
</UL>
<BR>[Calls]<UL><LI><a href="#[62]">&gt;&gt;</a>&nbsp;&nbsp;&nbsp;Ebyte_E220x_WriteCommand
</UL>
<BR>[Called By]<UL><LI><a href="#[4b]">&gt;&gt;</a>&nbsp;&nbsp;&nbsp;Ebyte_E220x_Init
</UL>

<P><STRONG><a name="[8a]"></a>Ebyte_E220x_SetPaConfig</STRONG> (Thumb, 38 bytes, Stack size 24 bytes, ebyte_e220x.o(i.Ebyte_E220x_SetPaConfig))
<BR><BR>[Stack]<UL><LI>Max Depth = 192<LI>Call Chain = Ebyte_E220x_SetPaConfig &rArr; Ebyte_E220x_WriteCommand &rArr; Ebyte_E220x_CheckReady &rArr; Ebyte_E220x_Wakeup &rArr; Ebyte_Port_SpiTransmitAndReceivce &rArr; HAL_SPI_TransmitReceive &rArr; SPI_EndRxTxTransaction &rArr; SPI_WaitFlagStateUntilTimeout
</UL>
<BR>[Calls]<UL><LI><a href="#[62]">&gt;&gt;</a>&nbsp;&nbsp;&nbsp;Ebyte_E220x_WriteCommand
</UL>
<BR>[Called By]<UL><LI><a href="#[7b]">&gt;&gt;</a>&nbsp;&nbsp;&nbsp;Ebyte_E220x_SetTxPaParams
</UL>

<P><STRONG><a name="[76]"></a>Ebyte_E220x_SetPacketType</STRONG> (Thumb, 22 bytes, Stack size 8 bytes, ebyte_e220x.o(i.Ebyte_E220x_SetPacketType))
<BR><BR>[Stack]<UL><LI>Max Depth = 176<LI>Call Chain = Ebyte_E220x_SetPacketType &rArr; Ebyte_E220x_WriteCommand &rArr; Ebyte_E220x_CheckReady &rArr; Ebyte_E220x_Wakeup &rArr; Ebyte_Port_SpiTransmitAndReceivce &rArr; HAL_SPI_TransmitReceive &rArr; SPI_EndRxTxTransaction &rArr; SPI_WaitFlagStateUntilTimeout
</UL>
<BR>[Calls]<UL><LI><a href="#[62]">&gt;&gt;</a>&nbsp;&nbsp;&nbsp;Ebyte_E220x_WriteCommand
</UL>
<BR>[Called By]<UL><LI><a href="#[4b]">&gt;&gt;</a>&nbsp;&nbsp;&nbsp;Ebyte_E220x_Init
</UL>

<P><STRONG><a name="[86]"></a>Ebyte_E220x_SetPayload</STRONG> (Thumb, 18 bytes, Stack size 16 bytes, ebyte_e220x.o(i.Ebyte_E220x_SetPayload))
<BR><BR>[Stack]<UL><LI>Max Depth = 184<LI>Call Chain = Ebyte_E220x_SetPayload &rArr; Ebyte_E220x_WriteBuffer &rArr; Ebyte_E220x_CheckReady &rArr; Ebyte_E220x_Wakeup &rArr; Ebyte_Port_SpiTransmitAndReceivce &rArr; HAL_SPI_TransmitReceive &rArr; SPI_EndRxTxTransaction &rArr; SPI_WaitFlagStateUntilTimeout
</UL>
<BR>[Calls]<UL><LI><a href="#[8b]">&gt;&gt;</a>&nbsp;&nbsp;&nbsp;Ebyte_E220x_WriteBuffer
</UL>
<BR>[Called By]<UL><LI><a href="#[4c]">&gt;&gt;</a>&nbsp;&nbsp;&nbsp;Ebyte_E220x_SendPayload
</UL>

<P><STRONG><a name="[74]"></a>Ebyte_E220x_SetRegulatorMode</STRONG> (Thumb, 14 bytes, Stack size 8 bytes, ebyte_e220x.o(i.Ebyte_E220x_SetRegulatorMode))
<BR><BR>[Stack]<UL><LI>Max Depth = 176<LI>Call Chain = Ebyte_E220x_SetRegulatorMode &rArr; Ebyte_E220x_WriteCommand &rArr; Ebyte_E220x_CheckReady &rArr; Ebyte_E220x_Wakeup &rArr; Ebyte_Port_SpiTransmitAndReceivce &rArr; HAL_SPI_TransmitReceive &rArr; SPI_EndRxTxTransaction &rArr; SPI_WaitFlagStateUntilTimeout
</UL>
<BR>[Calls]<UL><LI><a href="#[62]">&gt;&gt;</a>&nbsp;&nbsp;&nbsp;Ebyte_E220x_WriteCommand
</UL>
<BR>[Called By]<UL><LI><a href="#[4b]">&gt;&gt;</a>&nbsp;&nbsp;&nbsp;Ebyte_E220x_Init
</UL>

<P><STRONG><a name="[7a]"></a>Ebyte_E220x_SetRfFrequency</STRONG> (Thumb, 112 bytes, Stack size 40 bytes, ebyte_e220x.o(i.Ebyte_E220x_SetRfFrequency))
<BR><BR>[Stack]<UL><LI>Max Depth = 224<LI>Call Chain = Ebyte_E220x_SetRfFrequency &rArr; Ebyte_E220x_WriteRegister &rArr; Ebyte_E220x_WriteRegisters &rArr; Ebyte_E220x_CheckReady &rArr; Ebyte_E220x_Wakeup &rArr; Ebyte_Port_SpiTransmitAndReceivce &rArr; HAL_SPI_TransmitReceive &rArr; SPI_EndRxTxTransaction &rArr; SPI_WaitFlagStateUntilTimeout
</UL>
<BR>[Calls]<UL><LI><a href="#[5a]">&gt;&gt;</a>&nbsp;&nbsp;&nbsp;__aeabi_ui2d
<LI><a href="#[58]">&gt;&gt;</a>&nbsp;&nbsp;&nbsp;__aeabi_ddiv
<LI><a href="#[5c]">&gt;&gt;</a>&nbsp;&nbsp;&nbsp;__aeabi_d2uiz
<LI><a href="#[72]">&gt;&gt;</a>&nbsp;&nbsp;&nbsp;Ebyte_E220x_WriteRegister
<LI><a href="#[62]">&gt;&gt;</a>&nbsp;&nbsp;&nbsp;Ebyte_E220x_WriteCommand
<LI><a href="#[71]">&gt;&gt;</a>&nbsp;&nbsp;&nbsp;Ebyte_E220x_SetStandby
<LI><a href="#[63]">&gt;&gt;</a>&nbsp;&nbsp;&nbsp;Ebyte_E220x_CalibrateImage
<LI><a href="#[61]">&gt;&gt;</a>&nbsp;&nbsp;&nbsp;Ebyte_E220x_Calibrate
</UL>
<BR>[Called By]<UL><LI><a href="#[4b]">&gt;&gt;</a>&nbsp;&nbsp;&nbsp;Ebyte_E220x_Init
</UL>

<P><STRONG><a name="[4e]"></a>Ebyte_E220x_SetRx</STRONG> (Thumb, 98 bytes, Stack size 16 bytes, ebyte_e220x.o(i.Ebyte_E220x_SetRx))
<BR><BR>[Stack]<UL><LI>Max Depth = 216<LI>Call Chain = Ebyte_E220x_SetRx &rArr; Ebyte_E220x_SetDioIrqParams &rArr; Ebyte_E220x_WriteCommand &rArr; Ebyte_E220x_CheckReady &rArr; Ebyte_E220x_Wakeup &rArr; Ebyte_Port_SpiTransmitAndReceivce &rArr; HAL_SPI_TransmitReceive &rArr; SPI_EndRxTxTransaction &rArr; SPI_WaitFlagStateUntilTimeout
</UL>
<BR>[Calls]<UL><LI><a href="#[72]">&gt;&gt;</a>&nbsp;&nbsp;&nbsp;Ebyte_E220x_WriteRegister
<LI><a href="#[62]">&gt;&gt;</a>&nbsp;&nbsp;&nbsp;Ebyte_E220x_WriteCommand
<LI><a href="#[71]">&gt;&gt;</a>&nbsp;&nbsp;&nbsp;Ebyte_E220x_SetStandby
<LI><a href="#[79]">&gt;&gt;</a>&nbsp;&nbsp;&nbsp;Ebyte_E220x_SetLoraPacketParams
<LI><a href="#[89]">&gt;&gt;</a>&nbsp;&nbsp;&nbsp;Ebyte_E220x_SetDioIrqParams
<LI><a href="#[82]">&gt;&gt;</a>&nbsp;&nbsp;&nbsp;Ebyte_E220x_RfIoEnterRxMode
<LI><a href="#[68]">&gt;&gt;</a>&nbsp;&nbsp;&nbsp;Ebyte_E220x_ClearIrqStatus
</UL>
<BR>[Called By]<UL><LI><a href="#[4f]">&gt;&gt;</a>&nbsp;&nbsp;&nbsp;Ebyte_E220x_IntOrPollTask
<LI><a href="#[4b]">&gt;&gt;</a>&nbsp;&nbsp;&nbsp;Ebyte_E220x_Init
</UL>
<BR>[Address Reference Count : 1]<UL><LI> ebyte_core.o(.constdata)
</UL>
<P><STRONG><a name="[4d]"></a>Ebyte_E220x_SetSleep</STRONG> (Thumb, 32 bytes, Stack size 8 bytes, ebyte_e220x.o(i.Ebyte_E220x_SetSleep))
<BR><BR>[Stack]<UL><LI>Max Depth = 176<LI>Call Chain = Ebyte_E220x_SetSleep &rArr; Ebyte_E220x_WriteCommand &rArr; Ebyte_E220x_CheckReady &rArr; Ebyte_E220x_Wakeup &rArr; Ebyte_Port_SpiTransmitAndReceivce &rArr; HAL_SPI_TransmitReceive &rArr; SPI_EndRxTxTransaction &rArr; SPI_WaitFlagStateUntilTimeout
</UL>
<BR>[Calls]<UL><LI><a href="#[83]">&gt;&gt;</a>&nbsp;&nbsp;&nbsp;Ebyte_Port_TxenIoControl
<LI><a href="#[84]">&gt;&gt;</a>&nbsp;&nbsp;&nbsp;Ebyte_Port_RxenIoControl
<LI><a href="#[62]">&gt;&gt;</a>&nbsp;&nbsp;&nbsp;Ebyte_E220x_WriteCommand
</UL>
<BR>[Address Reference Count : 1]<UL><LI> ebyte_core.o(.constdata)
</UL>
<P><STRONG><a name="[71]"></a>Ebyte_E220x_SetStandby</STRONG> (Thumb, 34 bytes, Stack size 8 bytes, ebyte_e220x.o(i.Ebyte_E220x_SetStandby))
<BR><BR>[Stack]<UL><LI>Max Depth = 176<LI>Call Chain = Ebyte_E220x_SetStandby &rArr; Ebyte_E220x_WriteCommand &rArr; Ebyte_E220x_CheckReady &rArr; Ebyte_E220x_Wakeup &rArr; Ebyte_Port_SpiTransmitAndReceivce &rArr; HAL_SPI_TransmitReceive &rArr; SPI_EndRxTxTransaction &rArr; SPI_WaitFlagStateUntilTimeout
</UL>
<BR>[Calls]<UL><LI><a href="#[62]">&gt;&gt;</a>&nbsp;&nbsp;&nbsp;Ebyte_E220x_WriteCommand
</UL>
<BR>[Called By]<UL><LI><a href="#[4e]">&gt;&gt;</a>&nbsp;&nbsp;&nbsp;Ebyte_E220x_SetRx
<LI><a href="#[4b]">&gt;&gt;</a>&nbsp;&nbsp;&nbsp;Ebyte_E220x_Init
<LI><a href="#[87]">&gt;&gt;</a>&nbsp;&nbsp;&nbsp;Ebyte_E220x_SetTx
<LI><a href="#[7a]">&gt;&gt;</a>&nbsp;&nbsp;&nbsp;Ebyte_E220x_SetRfFrequency
</UL>

<P><STRONG><a name="[87]"></a>Ebyte_E220x_SetTx</STRONG> (Thumb, 92 bytes, Stack size 16 bytes, ebyte_e220x.o(i.Ebyte_E220x_SetTx))
<BR><BR>[Stack]<UL><LI>Max Depth = 216<LI>Call Chain = Ebyte_E220x_SetTx &rArr; Ebyte_E220x_SetDioIrqParams &rArr; Ebyte_E220x_WriteCommand &rArr; Ebyte_E220x_CheckReady &rArr; Ebyte_E220x_Wakeup &rArr; Ebyte_Port_SpiTransmitAndReceivce &rArr; HAL_SPI_TransmitReceive &rArr; SPI_EndRxTxTransaction &rArr; SPI_WaitFlagStateUntilTimeout
</UL>
<BR>[Calls]<UL><LI><a href="#[72]">&gt;&gt;</a>&nbsp;&nbsp;&nbsp;Ebyte_E220x_WriteRegister
<LI><a href="#[62]">&gt;&gt;</a>&nbsp;&nbsp;&nbsp;Ebyte_E220x_WriteCommand
<LI><a href="#[71]">&gt;&gt;</a>&nbsp;&nbsp;&nbsp;Ebyte_E220x_SetStandby
<LI><a href="#[89]">&gt;&gt;</a>&nbsp;&nbsp;&nbsp;Ebyte_E220x_SetDioIrqParams
<LI><a href="#[85]">&gt;&gt;</a>&nbsp;&nbsp;&nbsp;Ebyte_E220x_RfIoEnterTxMode
<LI><a href="#[68]">&gt;&gt;</a>&nbsp;&nbsp;&nbsp;Ebyte_E220x_ClearIrqStatus
</UL>
<BR>[Called By]<UL><LI><a href="#[4c]">&gt;&gt;</a>&nbsp;&nbsp;&nbsp;Ebyte_E220x_SendPayload
</UL>

<P><STRONG><a name="[7b]"></a>Ebyte_E220x_SetTxPaParams</STRONG> (Thumb, 68 bytes, Stack size 16 bytes, ebyte_e220x.o(i.Ebyte_E220x_SetTxPaParams))
<BR><BR>[Stack]<UL><LI>Max Depth = 208<LI>Call Chain = Ebyte_E220x_SetTxPaParams &rArr; Ebyte_E220x_SetPaConfig &rArr; Ebyte_E220x_WriteCommand &rArr; Ebyte_E220x_CheckReady &rArr; Ebyte_E220x_Wakeup &rArr; Ebyte_Port_SpiTransmitAndReceivce &rArr; HAL_SPI_TransmitReceive &rArr; SPI_EndRxTxTransaction &rArr; SPI_WaitFlagStateUntilTimeout
</UL>
<BR>[Calls]<UL><LI><a href="#[72]">&gt;&gt;</a>&nbsp;&nbsp;&nbsp;Ebyte_E220x_WriteRegister
<LI><a href="#[62]">&gt;&gt;</a>&nbsp;&nbsp;&nbsp;Ebyte_E220x_WriteCommand
<LI><a href="#[8a]">&gt;&gt;</a>&nbsp;&nbsp;&nbsp;Ebyte_E220x_SetPaConfig
</UL>
<BR>[Called By]<UL><LI><a href="#[4b]">&gt;&gt;</a>&nbsp;&nbsp;&nbsp;Ebyte_E220x_Init
</UL>

<P><STRONG><a name="[67]"></a>Ebyte_E220x_WaitOnBusy</STRONG> (Thumb, 14 bytes, Stack size 8 bytes, ebyte_e220x.o(i.Ebyte_E220x_WaitOnBusy))
<BR><BR>[Stack]<UL><LI>Max Depth = 16<LI>Call Chain = Ebyte_E220x_WaitOnBusy &rArr; Ebyte_Port_BusyIoRead
</UL>
<BR>[Calls]<UL><LI><a href="#[8c]">&gt;&gt;</a>&nbsp;&nbsp;&nbsp;Ebyte_Port_BusyIoRead
</UL>
<BR>[Called By]<UL><LI><a href="#[8d]">&gt;&gt;</a>&nbsp;&nbsp;&nbsp;Ebyte_E220x_WriteRegisters
<LI><a href="#[62]">&gt;&gt;</a>&nbsp;&nbsp;&nbsp;Ebyte_E220x_WriteCommand
<LI><a href="#[8b]">&gt;&gt;</a>&nbsp;&nbsp;&nbsp;Ebyte_E220x_WriteBuffer
<LI><a href="#[66]">&gt;&gt;</a>&nbsp;&nbsp;&nbsp;Ebyte_E220x_Wakeup
<LI><a href="#[7f]">&gt;&gt;</a>&nbsp;&nbsp;&nbsp;Ebyte_E220x_ReadRegisters
<LI><a href="#[6a]">&gt;&gt;</a>&nbsp;&nbsp;&nbsp;Ebyte_E220x_ReadCommand
<LI><a href="#[6e]">&gt;&gt;</a>&nbsp;&nbsp;&nbsp;Ebyte_E220x_ReadBuffer
<LI><a href="#[64]">&gt;&gt;</a>&nbsp;&nbsp;&nbsp;Ebyte_E220x_CheckReady
</UL>

<P><STRONG><a name="[66]"></a>Ebyte_E220x_Wakeup</STRONG> (Thumb, 32 bytes, Stack size 8 bytes, ebyte_e220x.o(i.Ebyte_E220x_Wakeup))
<BR><BR>[Stack]<UL><LI>Max Depth = 136<LI>Call Chain = Ebyte_E220x_Wakeup &rArr; Ebyte_Port_SpiTransmitAndReceivce &rArr; HAL_SPI_TransmitReceive &rArr; SPI_EndRxTxTransaction &rArr; SPI_WaitFlagStateUntilTimeout
</UL>
<BR>[Calls]<UL><LI><a href="#[7e]">&gt;&gt;</a>&nbsp;&nbsp;&nbsp;Ebyte_Port_SpiTransmitAndReceivce
<LI><a href="#[7d]">&gt;&gt;</a>&nbsp;&nbsp;&nbsp;Ebyte_Port_SpiCsIoControl
<LI><a href="#[67]">&gt;&gt;</a>&nbsp;&nbsp;&nbsp;Ebyte_E220x_WaitOnBusy
</UL>
<BR>[Called By]<UL><LI><a href="#[4b]">&gt;&gt;</a>&nbsp;&nbsp;&nbsp;Ebyte_E220x_Init
<LI><a href="#[64]">&gt;&gt;</a>&nbsp;&nbsp;&nbsp;Ebyte_E220x_CheckReady
</UL>

<P><STRONG><a name="[8b]"></a>Ebyte_E220x_WriteBuffer</STRONG> (Thumb, 64 bytes, Stack size 24 bytes, ebyte_e220x.o(i.Ebyte_E220x_WriteBuffer))
<BR><BR>[Stack]<UL><LI>Max Depth = 168<LI>Call Chain = Ebyte_E220x_WriteBuffer &rArr; Ebyte_E220x_CheckReady &rArr; Ebyte_E220x_Wakeup &rArr; Ebyte_Port_SpiTransmitAndReceivce &rArr; HAL_SPI_TransmitReceive &rArr; SPI_EndRxTxTransaction &rArr; SPI_WaitFlagStateUntilTimeout
</UL>
<BR>[Calls]<UL><LI><a href="#[7e]">&gt;&gt;</a>&nbsp;&nbsp;&nbsp;Ebyte_Port_SpiTransmitAndReceivce
<LI><a href="#[7d]">&gt;&gt;</a>&nbsp;&nbsp;&nbsp;Ebyte_Port_SpiCsIoControl
<LI><a href="#[67]">&gt;&gt;</a>&nbsp;&nbsp;&nbsp;Ebyte_E220x_WaitOnBusy
<LI><a href="#[64]">&gt;&gt;</a>&nbsp;&nbsp;&nbsp;Ebyte_E220x_CheckReady
</UL>
<BR>[Called By]<UL><LI><a href="#[86]">&gt;&gt;</a>&nbsp;&nbsp;&nbsp;Ebyte_E220x_SetPayload
</UL>

<P><STRONG><a name="[62]"></a>Ebyte_E220x_WriteCommand</STRONG> (Thumb, 62 bytes, Stack size 24 bytes, ebyte_e220x.o(i.Ebyte_E220x_WriteCommand))
<BR><BR>[Stack]<UL><LI>Max Depth = 168<LI>Call Chain = Ebyte_E220x_WriteCommand &rArr; Ebyte_E220x_CheckReady &rArr; Ebyte_E220x_Wakeup &rArr; Ebyte_Port_SpiTransmitAndReceivce &rArr; HAL_SPI_TransmitReceive &rArr; SPI_EndRxTxTransaction &rArr; SPI_WaitFlagStateUntilTimeout
</UL>
<BR>[Calls]<UL><LI><a href="#[7e]">&gt;&gt;</a>&nbsp;&nbsp;&nbsp;Ebyte_Port_SpiTransmitAndReceivce
<LI><a href="#[7d]">&gt;&gt;</a>&nbsp;&nbsp;&nbsp;Ebyte_Port_SpiCsIoControl
<LI><a href="#[67]">&gt;&gt;</a>&nbsp;&nbsp;&nbsp;Ebyte_E220x_WaitOnBusy
<LI><a href="#[64]">&gt;&gt;</a>&nbsp;&nbsp;&nbsp;Ebyte_E220x_CheckReady
</UL>
<BR>[Called By]<UL><LI><a href="#[4d]">&gt;&gt;</a>&nbsp;&nbsp;&nbsp;Ebyte_E220x_SetSleep
<LI><a href="#[4e]">&gt;&gt;</a>&nbsp;&nbsp;&nbsp;Ebyte_E220x_SetRx
<LI><a href="#[7b]">&gt;&gt;</a>&nbsp;&nbsp;&nbsp;Ebyte_E220x_SetTxPaParams
<LI><a href="#[87]">&gt;&gt;</a>&nbsp;&nbsp;&nbsp;Ebyte_E220x_SetTx
<LI><a href="#[71]">&gt;&gt;</a>&nbsp;&nbsp;&nbsp;Ebyte_E220x_SetStandby
<LI><a href="#[7a]">&gt;&gt;</a>&nbsp;&nbsp;&nbsp;Ebyte_E220x_SetRfFrequency
<LI><a href="#[74]">&gt;&gt;</a>&nbsp;&nbsp;&nbsp;Ebyte_E220x_SetRegulatorMode
<LI><a href="#[76]">&gt;&gt;</a>&nbsp;&nbsp;&nbsp;Ebyte_E220x_SetPacketType
<LI><a href="#[8a]">&gt;&gt;</a>&nbsp;&nbsp;&nbsp;Ebyte_E220x_SetPaConfig
<LI><a href="#[77]">&gt;&gt;</a>&nbsp;&nbsp;&nbsp;Ebyte_E220x_SetModulationLoraParams
<LI><a href="#[79]">&gt;&gt;</a>&nbsp;&nbsp;&nbsp;Ebyte_E220x_SetLoraPacketParams
<LI><a href="#[89]">&gt;&gt;</a>&nbsp;&nbsp;&nbsp;Ebyte_E220x_SetDioIrqParams
<LI><a href="#[73]">&gt;&gt;</a>&nbsp;&nbsp;&nbsp;Ebyte_E220x_SetDio2AsRfSwitchCtrl
<LI><a href="#[75]">&gt;&gt;</a>&nbsp;&nbsp;&nbsp;Ebyte_E220x_SetBufferBaseAddress
<LI><a href="#[68]">&gt;&gt;</a>&nbsp;&nbsp;&nbsp;Ebyte_E220x_ClearIrqStatus
<LI><a href="#[63]">&gt;&gt;</a>&nbsp;&nbsp;&nbsp;Ebyte_E220x_CalibrateImage
<LI><a href="#[61]">&gt;&gt;</a>&nbsp;&nbsp;&nbsp;Ebyte_E220x_Calibrate
</UL>

<P><STRONG><a name="[72]"></a>Ebyte_E220x_WriteRegister</STRONG> (Thumb, 16 bytes, Stack size 16 bytes, ebyte_e220x.o(i.Ebyte_E220x_WriteRegister))
<BR><BR>[Stack]<UL><LI>Max Depth = 184<LI>Call Chain = Ebyte_E220x_WriteRegister &rArr; Ebyte_E220x_WriteRegisters &rArr; Ebyte_E220x_CheckReady &rArr; Ebyte_E220x_Wakeup &rArr; Ebyte_Port_SpiTransmitAndReceivce &rArr; HAL_SPI_TransmitReceive &rArr; SPI_EndRxTxTransaction &rArr; SPI_WaitFlagStateUntilTimeout
</UL>
<BR>[Calls]<UL><LI><a href="#[8d]">&gt;&gt;</a>&nbsp;&nbsp;&nbsp;Ebyte_E220x_WriteRegisters
</UL>
<BR>[Called By]<UL><LI><a href="#[4e]">&gt;&gt;</a>&nbsp;&nbsp;&nbsp;Ebyte_E220x_SetRx
<LI><a href="#[4b]">&gt;&gt;</a>&nbsp;&nbsp;&nbsp;Ebyte_E220x_Init
<LI><a href="#[7b]">&gt;&gt;</a>&nbsp;&nbsp;&nbsp;Ebyte_E220x_SetTxPaParams
<LI><a href="#[87]">&gt;&gt;</a>&nbsp;&nbsp;&nbsp;Ebyte_E220x_SetTx
<LI><a href="#[7a]">&gt;&gt;</a>&nbsp;&nbsp;&nbsp;Ebyte_E220x_SetRfFrequency
<LI><a href="#[78]">&gt;&gt;</a>&nbsp;&nbsp;&nbsp;Ebyte_E220x_SetLoraSyncWord
</UL>

<P><STRONG><a name="[8d]"></a>Ebyte_E220x_WriteRegisters</STRONG> (Thumb, 70 bytes, Stack size 24 bytes, ebyte_e220x.o(i.Ebyte_E220x_WriteRegisters))
<BR><BR>[Stack]<UL><LI>Max Depth = 168<LI>Call Chain = Ebyte_E220x_WriteRegisters &rArr; Ebyte_E220x_CheckReady &rArr; Ebyte_E220x_Wakeup &rArr; Ebyte_Port_SpiTransmitAndReceivce &rArr; HAL_SPI_TransmitReceive &rArr; SPI_EndRxTxTransaction &rArr; SPI_WaitFlagStateUntilTimeout
</UL>
<BR>[Calls]<UL><LI><a href="#[7e]">&gt;&gt;</a>&nbsp;&nbsp;&nbsp;Ebyte_Port_SpiTransmitAndReceivce
<LI><a href="#[7d]">&gt;&gt;</a>&nbsp;&nbsp;&nbsp;Ebyte_Port_SpiCsIoControl
<LI><a href="#[67]">&gt;&gt;</a>&nbsp;&nbsp;&nbsp;Ebyte_E220x_WaitOnBusy
<LI><a href="#[64]">&gt;&gt;</a>&nbsp;&nbsp;&nbsp;Ebyte_E220x_CheckReady
</UL>
<BR>[Called By]<UL><LI><a href="#[72]">&gt;&gt;</a>&nbsp;&nbsp;&nbsp;Ebyte_E220x_WriteRegister
</UL>

<P><STRONG><a name="[8c]"></a>Ebyte_Port_BusyIoRead</STRONG> (Thumb, 18 bytes, Stack size 8 bytes, ebyte_port.o(i.Ebyte_Port_BusyIoRead))
<BR><BR>[Stack]<UL><LI>Max Depth = 8<LI>Call Chain = Ebyte_Port_BusyIoRead
</UL>
<BR>[Calls]<UL><LI><a href="#[8e]">&gt;&gt;</a>&nbsp;&nbsp;&nbsp;HAL_GPIO_ReadPin
</UL>
<BR>[Called By]<UL><LI><a href="#[67]">&gt;&gt;</a>&nbsp;&nbsp;&nbsp;Ebyte_E220x_WaitOnBusy
</UL>

<P><STRONG><a name="[80]"></a>Ebyte_Port_DelayMs</STRONG> (Thumb, 12 bytes, Stack size 8 bytes, ebyte_port.o(i.Ebyte_Port_DelayMs))
<BR><BR>[Stack]<UL><LI>Max Depth = 24<LI>Call Chain = Ebyte_Port_DelayMs &rArr; HAL_Delay
</UL>
<BR>[Calls]<UL><LI><a href="#[8f]">&gt;&gt;</a>&nbsp;&nbsp;&nbsp;HAL_Delay
</UL>
<BR>[Called By]<UL><LI><a href="#[4c]">&gt;&gt;</a>&nbsp;&nbsp;&nbsp;Ebyte_E220x_SendPayload
<LI><a href="#[70]">&gt;&gt;</a>&nbsp;&nbsp;&nbsp;Ebyte_E220x_Reset
</UL>

<P><STRONG><a name="[7c]"></a>Ebyte_Port_ReceiveCallback</STRONG> (Thumb, 46 bytes, Stack size 16 bytes, ebyte_callback.o(i.Ebyte_Port_ReceiveCallback))
<BR><BR>[Stack]<UL><LI>Max Depth = 16<LI>Call Chain = Ebyte_Port_ReceiveCallback
</UL>
<BR>[Calls]<UL><LI><a href="#[91]">&gt;&gt;</a>&nbsp;&nbsp;&nbsp;LoRa_ReceiveTimeOutCallBack
<LI><a href="#[90]">&gt;&gt;</a>&nbsp;&nbsp;&nbsp;LoRa_ReceiveSuccessCallBack
<LI><a href="#[92]">&gt;&gt;</a>&nbsp;&nbsp;&nbsp;LoRa_ReceiveOtherCaseCallBack
</UL>
<BR>[Called By]<UL><LI><a href="#[4f]">&gt;&gt;</a>&nbsp;&nbsp;&nbsp;Ebyte_E220x_IntOrPollTask
</UL>

<P><STRONG><a name="[81]"></a>Ebyte_Port_RstIoControl</STRONG> (Thumb, 34 bytes, Stack size 8 bytes, ebyte_port.o(i.Ebyte_Port_RstIoControl))
<BR><BR>[Stack]<UL><LI>Max Depth = 8<LI>Call Chain = Ebyte_Port_RstIoControl
</UL>
<BR>[Calls]<UL><LI><a href="#[93]">&gt;&gt;</a>&nbsp;&nbsp;&nbsp;HAL_GPIO_WritePin
</UL>
<BR>[Called By]<UL><LI><a href="#[70]">&gt;&gt;</a>&nbsp;&nbsp;&nbsp;Ebyte_E220x_Reset
</UL>

<P><STRONG><a name="[84]"></a>Ebyte_Port_RxenIoControl</STRONG> (Thumb, 32 bytes, Stack size 8 bytes, ebyte_port.o(i.Ebyte_Port_RxenIoControl))
<BR><BR>[Stack]<UL><LI>Max Depth = 8<LI>Call Chain = Ebyte_Port_RxenIoControl
</UL>
<BR>[Calls]<UL><LI><a href="#[93]">&gt;&gt;</a>&nbsp;&nbsp;&nbsp;HAL_GPIO_WritePin
</UL>
<BR>[Called By]<UL><LI><a href="#[4d]">&gt;&gt;</a>&nbsp;&nbsp;&nbsp;Ebyte_E220x_SetSleep
<LI><a href="#[85]">&gt;&gt;</a>&nbsp;&nbsp;&nbsp;Ebyte_E220x_RfIoEnterTxMode
<LI><a href="#[82]">&gt;&gt;</a>&nbsp;&nbsp;&nbsp;Ebyte_E220x_RfIoEnterRxMode
</UL>

<P><STRONG><a name="[7d]"></a>Ebyte_Port_SpiCsIoControl</STRONG> (Thumb, 34 bytes, Stack size 8 bytes, ebyte_port.o(i.Ebyte_Port_SpiCsIoControl))
<BR><BR>[Stack]<UL><LI>Max Depth = 8<LI>Call Chain = Ebyte_Port_SpiCsIoControl
</UL>
<BR>[Calls]<UL><LI><a href="#[93]">&gt;&gt;</a>&nbsp;&nbsp;&nbsp;HAL_GPIO_WritePin
</UL>
<BR>[Called By]<UL><LI><a href="#[8d]">&gt;&gt;</a>&nbsp;&nbsp;&nbsp;Ebyte_E220x_WriteRegisters
<LI><a href="#[62]">&gt;&gt;</a>&nbsp;&nbsp;&nbsp;Ebyte_E220x_WriteCommand
<LI><a href="#[8b]">&gt;&gt;</a>&nbsp;&nbsp;&nbsp;Ebyte_E220x_WriteBuffer
<LI><a href="#[66]">&gt;&gt;</a>&nbsp;&nbsp;&nbsp;Ebyte_E220x_Wakeup
<LI><a href="#[7f]">&gt;&gt;</a>&nbsp;&nbsp;&nbsp;Ebyte_E220x_ReadRegisters
<LI><a href="#[6a]">&gt;&gt;</a>&nbsp;&nbsp;&nbsp;Ebyte_E220x_ReadCommand
<LI><a href="#[6e]">&gt;&gt;</a>&nbsp;&nbsp;&nbsp;Ebyte_E220x_ReadBuffer
</UL>

<P><STRONG><a name="[7e]"></a>Ebyte_Port_SpiTransmitAndReceivce</STRONG> (Thumb, 32 bytes, Stack size 16 bytes, ebyte_port.o(i.Ebyte_Port_SpiTransmitAndReceivce))
<BR><BR>[Stack]<UL><LI>Max Depth = 128<LI>Call Chain = Ebyte_Port_SpiTransmitAndReceivce &rArr; HAL_SPI_TransmitReceive &rArr; SPI_EndRxTxTransaction &rArr; SPI_WaitFlagStateUntilTimeout
</UL>
<BR>[Calls]<UL><LI><a href="#[94]">&gt;&gt;</a>&nbsp;&nbsp;&nbsp;HAL_SPI_TransmitReceive
</UL>
<BR>[Called By]<UL><LI><a href="#[8d]">&gt;&gt;</a>&nbsp;&nbsp;&nbsp;Ebyte_E220x_WriteRegisters
<LI><a href="#[62]">&gt;&gt;</a>&nbsp;&nbsp;&nbsp;Ebyte_E220x_WriteCommand
<LI><a href="#[8b]">&gt;&gt;</a>&nbsp;&nbsp;&nbsp;Ebyte_E220x_WriteBuffer
<LI><a href="#[66]">&gt;&gt;</a>&nbsp;&nbsp;&nbsp;Ebyte_E220x_Wakeup
<LI><a href="#[7f]">&gt;&gt;</a>&nbsp;&nbsp;&nbsp;Ebyte_E220x_ReadRegisters
<LI><a href="#[6a]">&gt;&gt;</a>&nbsp;&nbsp;&nbsp;Ebyte_E220x_ReadCommand
<LI><a href="#[6e]">&gt;&gt;</a>&nbsp;&nbsp;&nbsp;Ebyte_E220x_ReadBuffer
</UL>

<P><STRONG><a name="[88]"></a>Ebyte_Port_TransmitCallback</STRONG> (Thumb, 32 bytes, Stack size 8 bytes, ebyte_callback.o(i.Ebyte_Port_TransmitCallback))
<BR><BR>[Stack]<UL><LI>Max Depth = 40<LI>Call Chain = Ebyte_Port_TransmitCallback &rArr; LoRa_TransmitSuccessCallBack &rArr; __2printf
</UL>
<BR>[Calls]<UL><LI><a href="#[95]">&gt;&gt;</a>&nbsp;&nbsp;&nbsp;LoRa_TransmitSuccessCallBack
<LI><a href="#[96]">&gt;&gt;</a>&nbsp;&nbsp;&nbsp;LoRa_TransmitOtherCaseCallBack
</UL>
<BR>[Called By]<UL><LI><a href="#[4c]">&gt;&gt;</a>&nbsp;&nbsp;&nbsp;Ebyte_E220x_SendPayload
</UL>

<P><STRONG><a name="[83]"></a>Ebyte_Port_TxenIoControl</STRONG> (Thumb, 32 bytes, Stack size 8 bytes, ebyte_port.o(i.Ebyte_Port_TxenIoControl))
<BR><BR>[Stack]<UL><LI>Max Depth = 8<LI>Call Chain = Ebyte_Port_TxenIoControl
</UL>
<BR>[Calls]<UL><LI><a href="#[93]">&gt;&gt;</a>&nbsp;&nbsp;&nbsp;HAL_GPIO_WritePin
</UL>
<BR>[Called By]<UL><LI><a href="#[4d]">&gt;&gt;</a>&nbsp;&nbsp;&nbsp;Ebyte_E220x_SetSleep
<LI><a href="#[85]">&gt;&gt;</a>&nbsp;&nbsp;&nbsp;Ebyte_E220x_RfIoEnterTxMode
<LI><a href="#[82]">&gt;&gt;</a>&nbsp;&nbsp;&nbsp;Ebyte_E220x_RfIoEnterRxMode
</UL>

<P><STRONG><a name="[b5]"></a>Error_Handler</STRONG> (Thumb, 6 bytes, Stack size 0 bytes, main.o(i.Error_Handler))
<BR><BR>[Called By]<UL><LI><a href="#[b6]">&gt;&gt;</a>&nbsp;&nbsp;&nbsp;MX_USART1_UART_Init
<LI><a href="#[b4]">&gt;&gt;</a>&nbsp;&nbsp;&nbsp;MX_SPI1_Init
<LI><a href="#[b9]">&gt;&gt;</a>&nbsp;&nbsp;&nbsp;SystemClock_Config
</UL>

<P><STRONG><a name="[8f]"></a>HAL_Delay</STRONG> (Thumb, 36 bytes, Stack size 16 bytes, stm32f1xx_hal.o(i.HAL_Delay))
<BR><BR>[Stack]<UL><LI>Max Depth = 16<LI>Call Chain = HAL_Delay
</UL>
<BR>[Calls]<UL><LI><a href="#[97]">&gt;&gt;</a>&nbsp;&nbsp;&nbsp;HAL_GetTick
</UL>
<BR>[Called By]<UL><LI><a href="#[98]">&gt;&gt;</a>&nbsp;&nbsp;&nbsp;HAL_GPIO_EXTI_Callback
<LI><a href="#[80]">&gt;&gt;</a>&nbsp;&nbsp;&nbsp;Ebyte_Port_DelayMs
</UL>

<P><STRONG><a name="[98]"></a>HAL_GPIO_EXTI_Callback</STRONG> (Thumb, 36 bytes, Stack size 8 bytes, inf_key.o(i.HAL_GPIO_EXTI_Callback))
<BR><BR>[Stack]<UL><LI>Max Depth = 24<LI>Call Chain = HAL_GPIO_EXTI_Callback &rArr; HAL_Delay
</UL>
<BR>[Calls]<UL><LI><a href="#[8e]">&gt;&gt;</a>&nbsp;&nbsp;&nbsp;HAL_GPIO_ReadPin
<LI><a href="#[8f]">&gt;&gt;</a>&nbsp;&nbsp;&nbsp;HAL_Delay
</UL>
<BR>[Called By]<UL><LI><a href="#[60]">&gt;&gt;</a>&nbsp;&nbsp;&nbsp;HAL_GPIO_EXTI_IRQHandler
</UL>

<P><STRONG><a name="[60]"></a>HAL_GPIO_EXTI_IRQHandler</STRONG> (Thumb, 24 bytes, Stack size 8 bytes, stm32f1xx_hal_gpio.o(i.HAL_GPIO_EXTI_IRQHandler))
<BR><BR>[Stack]<UL><LI>Max Depth = 32<LI>Call Chain = HAL_GPIO_EXTI_IRQHandler &rArr; HAL_GPIO_EXTI_Callback &rArr; HAL_Delay
</UL>
<BR>[Calls]<UL><LI><a href="#[98]">&gt;&gt;</a>&nbsp;&nbsp;&nbsp;HAL_GPIO_EXTI_Callback
</UL>
<BR>[Called By]<UL><LI><a href="#[32]">&gt;&gt;</a>&nbsp;&nbsp;&nbsp;EXTI15_10_IRQHandler
</UL>

<P><STRONG><a name="[aa]"></a>HAL_GPIO_Init</STRONG> (Thumb, 792 bytes, Stack size 36 bytes, stm32f1xx_hal_gpio.o(i.HAL_GPIO_Init))
<BR><BR>[Stack]<UL><LI>Max Depth = 36<LI>Call Chain = HAL_GPIO_Init
</UL>
<BR>[Called By]<UL><LI><a href="#[ad]">&gt;&gt;</a>&nbsp;&nbsp;&nbsp;HAL_UART_MspInit
<LI><a href="#[a9]">&gt;&gt;</a>&nbsp;&nbsp;&nbsp;HAL_SPI_MspInit
<LI><a href="#[b2]">&gt;&gt;</a>&nbsp;&nbsp;&nbsp;MX_GPIO_Init
</UL>

<P><STRONG><a name="[8e]"></a>HAL_GPIO_ReadPin</STRONG> (Thumb, 16 bytes, Stack size 0 bytes, stm32f1xx_hal_gpio.o(i.HAL_GPIO_ReadPin))
<BR><BR>[Called By]<UL><LI><a href="#[98]">&gt;&gt;</a>&nbsp;&nbsp;&nbsp;HAL_GPIO_EXTI_Callback
<LI><a href="#[8c]">&gt;&gt;</a>&nbsp;&nbsp;&nbsp;Ebyte_Port_BusyIoRead
</UL>

<P><STRONG><a name="[93]"></a>HAL_GPIO_WritePin</STRONG> (Thumb, 12 bytes, Stack size 0 bytes, stm32f1xx_hal_gpio.o(i.HAL_GPIO_WritePin))
<BR><BR>[Called By]<UL><LI><a href="#[b2]">&gt;&gt;</a>&nbsp;&nbsp;&nbsp;MX_GPIO_Init
<LI><a href="#[83]">&gt;&gt;</a>&nbsp;&nbsp;&nbsp;Ebyte_Port_TxenIoControl
<LI><a href="#[7d]">&gt;&gt;</a>&nbsp;&nbsp;&nbsp;Ebyte_Port_SpiCsIoControl
<LI><a href="#[84]">&gt;&gt;</a>&nbsp;&nbsp;&nbsp;Ebyte_Port_RxenIoControl
<LI><a href="#[81]">&gt;&gt;</a>&nbsp;&nbsp;&nbsp;Ebyte_Port_RstIoControl
</UL>

<P><STRONG><a name="[97]"></a>HAL_GetTick</STRONG> (Thumb, 6 bytes, Stack size 0 bytes, stm32f1xx_hal.o(i.HAL_GetTick))
<BR><BR>[Called By]<UL><LI><a href="#[b7]">&gt;&gt;</a>&nbsp;&nbsp;&nbsp;SPI_WaitFlagStateUntilTimeout
<LI><a href="#[af]">&gt;&gt;</a>&nbsp;&nbsp;&nbsp;HAL_UART_Transmit
<LI><a href="#[a6]">&gt;&gt;</a>&nbsp;&nbsp;&nbsp;HAL_RCC_OscConfig
<LI><a href="#[a1]">&gt;&gt;</a>&nbsp;&nbsp;&nbsp;HAL_RCC_ClockConfig
<LI><a href="#[8f]">&gt;&gt;</a>&nbsp;&nbsp;&nbsp;HAL_Delay
<LI><a href="#[94]">&gt;&gt;</a>&nbsp;&nbsp;&nbsp;HAL_SPI_TransmitReceive
<LI><a href="#[b0]">&gt;&gt;</a>&nbsp;&nbsp;&nbsp;UART_WaitOnFlagUntilTimeout
</UL>

<P><STRONG><a name="[b8]"></a>HAL_IncTick</STRONG> (Thumb, 16 bytes, Stack size 0 bytes, stm32f1xx_hal.o(i.HAL_IncTick))
<BR><BR>[Called By]<UL><LI><a href="#[9]">&gt;&gt;</a>&nbsp;&nbsp;&nbsp;SysTick_Handler
</UL>

<P><STRONG><a name="[99]"></a>HAL_Init</STRONG> (Thumb, 34 bytes, Stack size 8 bytes, stm32f1xx_hal.o(i.HAL_Init))
<BR><BR>[Stack]<UL><LI>Max Depth = 72<LI>Call Chain = HAL_Init &rArr; HAL_InitTick &rArr; HAL_NVIC_SetPriority &rArr; __NVIC_SetPriority
</UL>
<BR>[Calls]<UL><LI><a href="#[9c]">&gt;&gt;</a>&nbsp;&nbsp;&nbsp;HAL_MspInit
<LI><a href="#[9b]">&gt;&gt;</a>&nbsp;&nbsp;&nbsp;HAL_InitTick
<LI><a href="#[9a]">&gt;&gt;</a>&nbsp;&nbsp;&nbsp;HAL_NVIC_SetPriorityGrouping
</UL>
<BR>[Called By]<UL><LI><a href="#[46]">&gt;&gt;</a>&nbsp;&nbsp;&nbsp;main
</UL>

<P><STRONG><a name="[9b]"></a>HAL_InitTick</STRONG> (Thumb, 64 bytes, Stack size 16 bytes, stm32f1xx_hal.o(i.HAL_InitTick))
<BR><BR>[Stack]<UL><LI>Max Depth = 64<LI>Call Chain = HAL_InitTick &rArr; HAL_NVIC_SetPriority &rArr; __NVIC_SetPriority
</UL>
<BR>[Calls]<UL><LI><a href="#[9e]">&gt;&gt;</a>&nbsp;&nbsp;&nbsp;HAL_NVIC_SetPriority
<LI><a href="#[9d]">&gt;&gt;</a>&nbsp;&nbsp;&nbsp;HAL_SYSTICK_Config
</UL>
<BR>[Called By]<UL><LI><a href="#[a1]">&gt;&gt;</a>&nbsp;&nbsp;&nbsp;HAL_RCC_ClockConfig
<LI><a href="#[99]">&gt;&gt;</a>&nbsp;&nbsp;&nbsp;HAL_Init
</UL>

<P><STRONG><a name="[9c]"></a>HAL_MspInit</STRONG> (Thumb, 76 bytes, Stack size 8 bytes, stm32f1xx_hal_msp.o(i.HAL_MspInit))
<BR><BR>[Stack]<UL><LI>Max Depth = 8<LI>Call Chain = HAL_MspInit
</UL>
<BR>[Called By]<UL><LI><a href="#[99]">&gt;&gt;</a>&nbsp;&nbsp;&nbsp;HAL_Init
</UL>

<P><STRONG><a name="[b3]"></a>HAL_NVIC_EnableIRQ</STRONG> (Thumb, 40 bytes, Stack size 0 bytes, stm32f1xx_hal_cortex.o(i.HAL_NVIC_EnableIRQ))
<BR><BR>[Called By]<UL><LI><a href="#[b2]">&gt;&gt;</a>&nbsp;&nbsp;&nbsp;MX_GPIO_Init
</UL>

<P><STRONG><a name="[9e]"></a>HAL_NVIC_SetPriority</STRONG> (Thumb, 124 bytes, Stack size 40 bytes, stm32f1xx_hal_cortex.o(i.HAL_NVIC_SetPriority))
<BR><BR>[Stack]<UL><LI>Max Depth = 48<LI>Call Chain = HAL_NVIC_SetPriority &rArr; __NVIC_SetPriority
</UL>
<BR>[Calls]<UL><LI><a href="#[a0]">&gt;&gt;</a>&nbsp;&nbsp;&nbsp;__NVIC_SetPriority
<LI><a href="#[9f]">&gt;&gt;</a>&nbsp;&nbsp;&nbsp;__NVIC_GetPriorityGrouping
</UL>
<BR>[Called By]<UL><LI><a href="#[b2]">&gt;&gt;</a>&nbsp;&nbsp;&nbsp;MX_GPIO_Init
<LI><a href="#[9b]">&gt;&gt;</a>&nbsp;&nbsp;&nbsp;HAL_InitTick
</UL>

<P><STRONG><a name="[9a]"></a>HAL_NVIC_SetPriorityGrouping</STRONG> (Thumb, 32 bytes, Stack size 0 bytes, stm32f1xx_hal_cortex.o(i.HAL_NVIC_SetPriorityGrouping))
<BR><BR>[Called By]<UL><LI><a href="#[99]">&gt;&gt;</a>&nbsp;&nbsp;&nbsp;HAL_Init
</UL>

<P><STRONG><a name="[a1]"></a>HAL_RCC_ClockConfig</STRONG> (Thumb, 376 bytes, Stack size 16 bytes, stm32f1xx_hal_rcc.o(i.HAL_RCC_ClockConfig))
<BR><BR>[Stack]<UL><LI>Max Depth = 80<LI>Call Chain = HAL_RCC_ClockConfig &rArr; HAL_InitTick &rArr; HAL_NVIC_SetPriority &rArr; __NVIC_SetPriority
</UL>
<BR>[Calls]<UL><LI><a href="#[a2]">&gt;&gt;</a>&nbsp;&nbsp;&nbsp;HAL_RCC_GetSysClockFreq
<LI><a href="#[9b]">&gt;&gt;</a>&nbsp;&nbsp;&nbsp;HAL_InitTick
<LI><a href="#[97]">&gt;&gt;</a>&nbsp;&nbsp;&nbsp;HAL_GetTick
</UL>
<BR>[Called By]<UL><LI><a href="#[b9]">&gt;&gt;</a>&nbsp;&nbsp;&nbsp;SystemClock_Config
</UL>

<P><STRONG><a name="[a4]"></a>HAL_RCC_GetHCLKFreq</STRONG> (Thumb, 6 bytes, Stack size 0 bytes, stm32f1xx_hal_rcc.o(i.HAL_RCC_GetHCLKFreq))
<BR><BR>[Called By]<UL><LI><a href="#[a5]">&gt;&gt;</a>&nbsp;&nbsp;&nbsp;HAL_RCC_GetPCLK2Freq
<LI><a href="#[a3]">&gt;&gt;</a>&nbsp;&nbsp;&nbsp;HAL_RCC_GetPCLK1Freq
</UL>

<P><STRONG><a name="[a3]"></a>HAL_RCC_GetPCLK1Freq</STRONG> (Thumb, 22 bytes, Stack size 4 bytes, stm32f1xx_hal_rcc.o(i.HAL_RCC_GetPCLK1Freq))
<BR><BR>[Stack]<UL><LI>Max Depth = 4<LI>Call Chain = HAL_RCC_GetPCLK1Freq
</UL>
<BR>[Calls]<UL><LI><a href="#[a4]">&gt;&gt;</a>&nbsp;&nbsp;&nbsp;HAL_RCC_GetHCLKFreq
</UL>
<BR>[Called By]<UL><LI><a href="#[ae]">&gt;&gt;</a>&nbsp;&nbsp;&nbsp;UART_SetConfig
</UL>

<P><STRONG><a name="[a5]"></a>HAL_RCC_GetPCLK2Freq</STRONG> (Thumb, 22 bytes, Stack size 4 bytes, stm32f1xx_hal_rcc.o(i.HAL_RCC_GetPCLK2Freq))
<BR><BR>[Stack]<UL><LI>Max Depth = 4<LI>Call Chain = HAL_RCC_GetPCLK2Freq
</UL>
<BR>[Calls]<UL><LI><a href="#[a4]">&gt;&gt;</a>&nbsp;&nbsp;&nbsp;HAL_RCC_GetHCLKFreq
</UL>
<BR>[Called By]<UL><LI><a href="#[ae]">&gt;&gt;</a>&nbsp;&nbsp;&nbsp;UART_SetConfig
</UL>

<P><STRONG><a name="[a2]"></a>HAL_RCC_GetSysClockFreq</STRONG> (Thumb, 92 bytes, Stack size 16 bytes, stm32f1xx_hal_rcc.o(i.HAL_RCC_GetSysClockFreq))
<BR><BR>[Stack]<UL><LI>Max Depth = 16<LI>Call Chain = HAL_RCC_GetSysClockFreq
</UL>
<BR>[Called By]<UL><LI><a href="#[a1]">&gt;&gt;</a>&nbsp;&nbsp;&nbsp;HAL_RCC_ClockConfig
</UL>

<P><STRONG><a name="[a6]"></a>HAL_RCC_OscConfig</STRONG> (Thumb, 1114 bytes, Stack size 24 bytes, stm32f1xx_hal_rcc.o(i.HAL_RCC_OscConfig))
<BR><BR>[Stack]<UL><LI>Max Depth = 32<LI>Call Chain = HAL_RCC_OscConfig &rArr; RCC_Delay
</UL>
<BR>[Calls]<UL><LI><a href="#[a7]">&gt;&gt;</a>&nbsp;&nbsp;&nbsp;RCC_Delay
<LI><a href="#[97]">&gt;&gt;</a>&nbsp;&nbsp;&nbsp;HAL_GetTick
</UL>
<BR>[Called By]<UL><LI><a href="#[b9]">&gt;&gt;</a>&nbsp;&nbsp;&nbsp;SystemClock_Config
</UL>

<P><STRONG><a name="[a8]"></a>HAL_SPI_Init</STRONG> (Thumb, 190 bytes, Stack size 8 bytes, stm32f1xx_hal_spi.o(i.HAL_SPI_Init))
<BR><BR>[Stack]<UL><LI>Max Depth = 76<LI>Call Chain = HAL_SPI_Init &rArr; HAL_SPI_MspInit &rArr; HAL_GPIO_Init
</UL>
<BR>[Calls]<UL><LI><a href="#[a9]">&gt;&gt;</a>&nbsp;&nbsp;&nbsp;HAL_SPI_MspInit
</UL>
<BR>[Called By]<UL><LI><a href="#[b4]">&gt;&gt;</a>&nbsp;&nbsp;&nbsp;MX_SPI1_Init
</UL>

<P><STRONG><a name="[a9]"></a>HAL_SPI_MspInit</STRONG> (Thumb, 120 bytes, Stack size 32 bytes, spi.o(i.HAL_SPI_MspInit))
<BR><BR>[Stack]<UL><LI>Max Depth = 68<LI>Call Chain = HAL_SPI_MspInit &rArr; HAL_GPIO_Init
</UL>
<BR>[Calls]<UL><LI><a href="#[aa]">&gt;&gt;</a>&nbsp;&nbsp;&nbsp;HAL_GPIO_Init
</UL>
<BR>[Called By]<UL><LI><a href="#[a8]">&gt;&gt;</a>&nbsp;&nbsp;&nbsp;HAL_SPI_Init
</UL>

<P><STRONG><a name="[94]"></a>HAL_SPI_TransmitReceive</STRONG> (Thumb, 584 bytes, Stack size 48 bytes, stm32f1xx_hal_spi.o(i.HAL_SPI_TransmitReceive))
<BR><BR>[Stack]<UL><LI>Max Depth = 112<LI>Call Chain = HAL_SPI_TransmitReceive &rArr; SPI_EndRxTxTransaction &rArr; SPI_WaitFlagStateUntilTimeout
</UL>
<BR>[Calls]<UL><LI><a href="#[ab]">&gt;&gt;</a>&nbsp;&nbsp;&nbsp;SPI_EndRxTxTransaction
<LI><a href="#[97]">&gt;&gt;</a>&nbsp;&nbsp;&nbsp;HAL_GetTick
</UL>
<BR>[Called By]<UL><LI><a href="#[7e]">&gt;&gt;</a>&nbsp;&nbsp;&nbsp;Ebyte_Port_SpiTransmitAndReceivce
</UL>

<P><STRONG><a name="[9d]"></a>HAL_SYSTICK_Config</STRONG> (Thumb, 52 bytes, Stack size 16 bytes, stm32f1xx_hal_cortex.o(i.HAL_SYSTICK_Config))
<BR><BR>[Stack]<UL><LI>Max Depth = 24<LI>Call Chain = HAL_SYSTICK_Config &rArr; __NVIC_SetPriority
</UL>
<BR>[Calls]<UL><LI><a href="#[a0]">&gt;&gt;</a>&nbsp;&nbsp;&nbsp;__NVIC_SetPriority
</UL>
<BR>[Called By]<UL><LI><a href="#[9b]">&gt;&gt;</a>&nbsp;&nbsp;&nbsp;HAL_InitTick
</UL>

<P><STRONG><a name="[ac]"></a>HAL_UART_Init</STRONG> (Thumb, 118 bytes, Stack size 8 bytes, stm32f1xx_hal_uart.o(i.HAL_UART_Init))
<BR><BR>[Stack]<UL><LI>Max Depth = 76<LI>Call Chain = HAL_UART_Init &rArr; HAL_UART_MspInit &rArr; HAL_GPIO_Init
</UL>
<BR>[Calls]<UL><LI><a href="#[ad]">&gt;&gt;</a>&nbsp;&nbsp;&nbsp;HAL_UART_MspInit
<LI><a href="#[ae]">&gt;&gt;</a>&nbsp;&nbsp;&nbsp;UART_SetConfig
</UL>
<BR>[Called By]<UL><LI><a href="#[b6]">&gt;&gt;</a>&nbsp;&nbsp;&nbsp;MX_USART1_UART_Init
</UL>

<P><STRONG><a name="[ad]"></a>HAL_UART_MspInit</STRONG> (Thumb, 122 bytes, Stack size 32 bytes, usart.o(i.HAL_UART_MspInit))
<BR><BR>[Stack]<UL><LI>Max Depth = 68<LI>Call Chain = HAL_UART_MspInit &rArr; HAL_GPIO_Init
</UL>
<BR>[Calls]<UL><LI><a href="#[aa]">&gt;&gt;</a>&nbsp;&nbsp;&nbsp;HAL_GPIO_Init
</UL>
<BR>[Called By]<UL><LI><a href="#[ac]">&gt;&gt;</a>&nbsp;&nbsp;&nbsp;HAL_UART_Init
</UL>

<P><STRONG><a name="[af]"></a>HAL_UART_Transmit</STRONG> (Thumb, 190 bytes, Stack size 40 bytes, stm32f1xx_hal_uart.o(i.HAL_UART_Transmit))
<BR><BR>[Stack]<UL><LI>Max Depth = 72<LI>Call Chain = HAL_UART_Transmit &rArr; UART_WaitOnFlagUntilTimeout
</UL>
<BR>[Calls]<UL><LI><a href="#[97]">&gt;&gt;</a>&nbsp;&nbsp;&nbsp;HAL_GetTick
<LI><a href="#[b0]">&gt;&gt;</a>&nbsp;&nbsp;&nbsp;UART_WaitOnFlagUntilTimeout
</UL>
<BR>[Called By]<UL><LI><a href="#[49]">&gt;&gt;</a>&nbsp;&nbsp;&nbsp;fputc
</UL>

<P><STRONG><a name="[2]"></a>HardFault_Handler</STRONG> (Thumb, 4 bytes, Stack size 0 bytes, stm32f1xx_it.o(i.HardFault_Handler))
<BR>[Address Reference Count : 1]<UL><LI> startup_stm32f103xe.o(RESET)
</UL>
<P><STRONG><a name="[c3]"></a>Inf_LoRa_SendData</STRONG> (Thumb, 20 bytes, Stack size 16 bytes, inf_lora.o(i.Inf_LoRa_SendData))
<BR><BR>[Stack]<UL><LI>Max Depth = 16<LI>Call Chain = Inf_LoRa_SendData
</UL>
<BR>[Called By]<UL><LI><a href="#[46]">&gt;&gt;</a>&nbsp;&nbsp;&nbsp;main
</UL>

<P><STRONG><a name="[c0]"></a>Inf_LoRa_init</STRONG> (Thumb, 10 bytes, Stack size 8 bytes, inf_lora.o(i.Inf_LoRa_init))
<BR><BR>[Stack]<UL><LI>Max Depth = 8<LI>Call Chain = Inf_LoRa_init
</UL>
<BR>[Called By]<UL><LI><a href="#[46]">&gt;&gt;</a>&nbsp;&nbsp;&nbsp;main
</UL>

<P><STRONG><a name="[92]"></a>LoRa_ReceiveOtherCaseCallBack</STRONG> (Thumb, 2 bytes, Stack size 0 bytes, inf_lora.o(i.LoRa_ReceiveOtherCaseCallBack))
<BR><BR>[Called By]<UL><LI><a href="#[7c]">&gt;&gt;</a>&nbsp;&nbsp;&nbsp;Ebyte_Port_ReceiveCallback
</UL>

<P><STRONG><a name="[90]"></a>LoRa_ReceiveSuccessCallBack</STRONG> (Thumb, 2 bytes, Stack size 0 bytes, inf_lora.o(i.LoRa_ReceiveSuccessCallBack))
<BR><BR>[Called By]<UL><LI><a href="#[7c]">&gt;&gt;</a>&nbsp;&nbsp;&nbsp;Ebyte_Port_ReceiveCallback
</UL>

<P><STRONG><a name="[91]"></a>LoRa_ReceiveTimeOutCallBack</STRONG> (Thumb, 2 bytes, Stack size 0 bytes, inf_lora.o(i.LoRa_ReceiveTimeOutCallBack))
<BR><BR>[Called By]<UL><LI><a href="#[7c]">&gt;&gt;</a>&nbsp;&nbsp;&nbsp;Ebyte_Port_ReceiveCallback
</UL>

<P><STRONG><a name="[96]"></a>LoRa_TransmitOtherCaseCallBack</STRONG> (Thumb, 2 bytes, Stack size 0 bytes, inf_lora.o(i.LoRa_TransmitOtherCaseCallBack))
<BR><BR>[Called By]<UL><LI><a href="#[88]">&gt;&gt;</a>&nbsp;&nbsp;&nbsp;Ebyte_Port_TransmitCallback
</UL>

<P><STRONG><a name="[95]"></a>LoRa_TransmitSuccessCallBack</STRONG> (Thumb, 10 bytes, Stack size 8 bytes, inf_lora.o(i.LoRa_TransmitSuccessCallBack))
<BR><BR>[Stack]<UL><LI>Max Depth = 32<LI>Call Chain = LoRa_TransmitSuccessCallBack &rArr; __2printf
</UL>
<BR>[Calls]<UL><LI><a href="#[b1]">&gt;&gt;</a>&nbsp;&nbsp;&nbsp;__2printf
</UL>
<BR>[Called By]<UL><LI><a href="#[88]">&gt;&gt;</a>&nbsp;&nbsp;&nbsp;Ebyte_Port_TransmitCallback
</UL>

<P><STRONG><a name="[b2]"></a>MX_GPIO_Init</STRONG> (Thumb, 278 bytes, Stack size 24 bytes, gpio.o(i.MX_GPIO_Init))
<BR><BR>[Stack]<UL><LI>Max Depth = 72<LI>Call Chain = MX_GPIO_Init &rArr; HAL_NVIC_SetPriority &rArr; __NVIC_SetPriority
</UL>
<BR>[Calls]<UL><LI><a href="#[9e]">&gt;&gt;</a>&nbsp;&nbsp;&nbsp;HAL_NVIC_SetPriority
<LI><a href="#[b3]">&gt;&gt;</a>&nbsp;&nbsp;&nbsp;HAL_NVIC_EnableIRQ
<LI><a href="#[93]">&gt;&gt;</a>&nbsp;&nbsp;&nbsp;HAL_GPIO_WritePin
<LI><a href="#[aa]">&gt;&gt;</a>&nbsp;&nbsp;&nbsp;HAL_GPIO_Init
</UL>
<BR>[Called By]<UL><LI><a href="#[46]">&gt;&gt;</a>&nbsp;&nbsp;&nbsp;main
</UL>

<P><STRONG><a name="[b4]"></a>MX_SPI1_Init</STRONG> (Thumb, 60 bytes, Stack size 8 bytes, spi.o(i.MX_SPI1_Init))
<BR><BR>[Stack]<UL><LI>Max Depth = 84<LI>Call Chain = MX_SPI1_Init &rArr; HAL_SPI_Init &rArr; HAL_SPI_MspInit &rArr; HAL_GPIO_Init
</UL>
<BR>[Calls]<UL><LI><a href="#[a8]">&gt;&gt;</a>&nbsp;&nbsp;&nbsp;HAL_SPI_Init
<LI><a href="#[b5]">&gt;&gt;</a>&nbsp;&nbsp;&nbsp;Error_Handler
</UL>
<BR>[Called By]<UL><LI><a href="#[46]">&gt;&gt;</a>&nbsp;&nbsp;&nbsp;main
</UL>

<P><STRONG><a name="[b6]"></a>MX_USART1_UART_Init</STRONG> (Thumb, 46 bytes, Stack size 8 bytes, usart.o(i.MX_USART1_UART_Init))
<BR><BR>[Stack]<UL><LI>Max Depth = 84<LI>Call Chain = MX_USART1_UART_Init &rArr; HAL_UART_Init &rArr; HAL_UART_MspInit &rArr; HAL_GPIO_Init
</UL>
<BR>[Calls]<UL><LI><a href="#[ac]">&gt;&gt;</a>&nbsp;&nbsp;&nbsp;HAL_UART_Init
<LI><a href="#[b5]">&gt;&gt;</a>&nbsp;&nbsp;&nbsp;Error_Handler
</UL>
<BR>[Called By]<UL><LI><a href="#[46]">&gt;&gt;</a>&nbsp;&nbsp;&nbsp;main
</UL>

<P><STRONG><a name="[3]"></a>MemManage_Handler</STRONG> (Thumb, 4 bytes, Stack size 0 bytes, stm32f1xx_it.o(i.MemManage_Handler))
<BR>[Address Reference Count : 1]<UL><LI> startup_stm32f103xe.o(RESET)
</UL>
<P><STRONG><a name="[1]"></a>NMI_Handler</STRONG> (Thumb, 4 bytes, Stack size 0 bytes, stm32f1xx_it.o(i.NMI_Handler))
<BR>[Address Reference Count : 1]<UL><LI> startup_stm32f103xe.o(RESET)
</UL>
<P><STRONG><a name="[8]"></a>PendSV_Handler</STRONG> (Thumb, 2 bytes, Stack size 0 bytes, stm32f1xx_it.o(i.PendSV_Handler))
<BR>[Address Reference Count : 1]<UL><LI> startup_stm32f103xe.o(RESET)
</UL>
<P><STRONG><a name="[6]"></a>SVC_Handler</STRONG> (Thumb, 2 bytes, Stack size 0 bytes, stm32f1xx_it.o(i.SVC_Handler))
<BR>[Address Reference Count : 1]<UL><LI> startup_stm32f103xe.o(RESET)
</UL>
<P><STRONG><a name="[9]"></a>SysTick_Handler</STRONG> (Thumb, 8 bytes, Stack size 8 bytes, stm32f1xx_it.o(i.SysTick_Handler))
<BR><BR>[Stack]<UL><LI>Max Depth = 8<LI>Call Chain = SysTick_Handler
</UL>
<BR>[Calls]<UL><LI><a href="#[b8]">&gt;&gt;</a>&nbsp;&nbsp;&nbsp;HAL_IncTick
</UL>
<BR>[Address Reference Count : 1]<UL><LI> startup_stm32f103xe.o(RESET)
</UL>
<P><STRONG><a name="[b9]"></a>SystemClock_Config</STRONG> (Thumb, 102 bytes, Stack size 64 bytes, main.o(i.SystemClock_Config))
<BR><BR>[Stack]<UL><LI>Max Depth = 144<LI>Call Chain = SystemClock_Config &rArr; HAL_RCC_ClockConfig &rArr; HAL_InitTick &rArr; HAL_NVIC_SetPriority &rArr; __NVIC_SetPriority
</UL>
<BR>[Calls]<UL><LI><a href="#[a6]">&gt;&gt;</a>&nbsp;&nbsp;&nbsp;HAL_RCC_OscConfig
<LI><a href="#[a1]">&gt;&gt;</a>&nbsp;&nbsp;&nbsp;HAL_RCC_ClockConfig
<LI><a href="#[b5]">&gt;&gt;</a>&nbsp;&nbsp;&nbsp;Error_Handler
<LI><a href="#[ba]">&gt;&gt;</a>&nbsp;&nbsp;&nbsp;__aeabi_memclr4
</UL>
<BR>[Called By]<UL><LI><a href="#[46]">&gt;&gt;</a>&nbsp;&nbsp;&nbsp;main
</UL>

<P><STRONG><a name="[47]"></a>SystemInit</STRONG> (Thumb, 2 bytes, Stack size 0 bytes, system_stm32f1xx.o(i.SystemInit))
<BR>[Address Reference Count : 1]<UL><LI> startup_stm32f103xe.o(.text)
</UL>
<P><STRONG><a name="[5]"></a>UsageFault_Handler</STRONG> (Thumb, 4 bytes, Stack size 0 bytes, stm32f1xx_it.o(i.UsageFault_Handler))
<BR>[Address Reference Count : 1]<UL><LI> startup_stm32f103xe.o(RESET)
</UL>
<P><STRONG><a name="[bc]"></a>__0printf$1</STRONG> (Thumb, 22 bytes, Stack size 24 bytes, printf1.o(i.__0printf$1), UNUSED)
<BR><BR>[Calls]<UL><LI><a href="#[bd]">&gt;&gt;</a>&nbsp;&nbsp;&nbsp;_printf_core
</UL>

<P><STRONG><a name="[d3]"></a>__1printf$1</STRONG> (Thumb, 0 bytes, Stack size 24 bytes, printf1.o(i.__0printf$1), UNUSED)

<P><STRONG><a name="[b1]"></a>__2printf</STRONG> (Thumb, 0 bytes, Stack size 24 bytes, printf1.o(i.__0printf$1))
<BR><BR>[Stack]<UL><LI>Max Depth = 24<LI>Call Chain = __2printf
</UL>
<BR>[Called By]<UL><LI><a href="#[46]">&gt;&gt;</a>&nbsp;&nbsp;&nbsp;main
<LI><a href="#[95]">&gt;&gt;</a>&nbsp;&nbsp;&nbsp;LoRa_TransmitSuccessCallBack
</UL>

<P><STRONG><a name="[be]"></a>__0sprintf$1</STRONG> (Thumb, 34 bytes, Stack size 24 bytes, printf1.o(i.__0sprintf$1), UNUSED)
<BR><BR>[Calls]<UL><LI><a href="#[4a]">&gt;&gt;</a>&nbsp;&nbsp;&nbsp;_sputc
<LI><a href="#[bd]">&gt;&gt;</a>&nbsp;&nbsp;&nbsp;_printf_core
</UL>

<P><STRONG><a name="[d4]"></a>__1sprintf$1</STRONG> (Thumb, 0 bytes, Stack size 24 bytes, printf1.o(i.__0sprintf$1), UNUSED)

<P><STRONG><a name="[c1]"></a>__2sprintf</STRONG> (Thumb, 0 bytes, Stack size 24 bytes, printf1.o(i.__0sprintf$1))
<BR><BR>[Stack]<UL><LI>Max Depth = 24<LI>Call Chain = __2sprintf
</UL>
<BR>[Called By]<UL><LI><a href="#[46]">&gt;&gt;</a>&nbsp;&nbsp;&nbsp;main
</UL>

<P><STRONG><a name="[d5]"></a>__scatterload_copy</STRONG> (Thumb, 14 bytes, Stack size unknown bytes, handlers.o(i.__scatterload_copy), UNUSED)

<P><STRONG><a name="[d6]"></a>__scatterload_null</STRONG> (Thumb, 2 bytes, Stack size unknown bytes, handlers.o(i.__scatterload_null), UNUSED)

<P><STRONG><a name="[d7]"></a>__scatterload_zeroinit</STRONG> (Thumb, 14 bytes, Stack size unknown bytes, handlers.o(i.__scatterload_zeroinit), UNUSED)

<P><STRONG><a name="[49]"></a>fputc</STRONG> (Thumb, 22 bytes, Stack size 16 bytes, usart.o(i.fputc))
<BR><BR>[Stack]<UL><LI>Max Depth = 88<LI>Call Chain = fputc &rArr; HAL_UART_Transmit &rArr; UART_WaitOnFlagUntilTimeout
</UL>
<BR>[Calls]<UL><LI><a href="#[af]">&gt;&gt;</a>&nbsp;&nbsp;&nbsp;HAL_UART_Transmit
</UL>
<BR>[Address Reference Count : 1]<UL><LI> printf1.o(i.__0printf$1)
</UL>
<P><STRONG><a name="[46]"></a>main</STRONG> (Thumb, 88 bytes, Stack size 32 bytes, main.o(i.main))
<BR><BR>[Stack]<UL><LI>Max Depth = 176<LI>Call Chain = main &rArr; SystemClock_Config &rArr; HAL_RCC_ClockConfig &rArr; HAL_InitTick &rArr; HAL_NVIC_SetPriority &rArr; __NVIC_SetPriority
</UL>
<BR>[Calls]<UL><LI><a href="#[b6]">&gt;&gt;</a>&nbsp;&nbsp;&nbsp;MX_USART1_UART_Init
<LI><a href="#[b4]">&gt;&gt;</a>&nbsp;&nbsp;&nbsp;MX_SPI1_Init
<LI><a href="#[b2]">&gt;&gt;</a>&nbsp;&nbsp;&nbsp;MX_GPIO_Init
<LI><a href="#[c0]">&gt;&gt;</a>&nbsp;&nbsp;&nbsp;Inf_LoRa_init
<LI><a href="#[c3]">&gt;&gt;</a>&nbsp;&nbsp;&nbsp;Inf_LoRa_SendData
<LI><a href="#[99]">&gt;&gt;</a>&nbsp;&nbsp;&nbsp;HAL_Init
<LI><a href="#[b9]">&gt;&gt;</a>&nbsp;&nbsp;&nbsp;SystemClock_Config
<LI><a href="#[c1]">&gt;&gt;</a>&nbsp;&nbsp;&nbsp;__2sprintf
<LI><a href="#[b1]">&gt;&gt;</a>&nbsp;&nbsp;&nbsp;__2printf
<LI><a href="#[c2]">&gt;&gt;</a>&nbsp;&nbsp;&nbsp;strlen
<LI><a href="#[ba]">&gt;&gt;</a>&nbsp;&nbsp;&nbsp;__aeabi_memclr4
</UL>
<BR>[Address Reference Count : 1]<UL><LI> entry9a.o(.ARM.Collect$$$$0000000B)
</UL><P>
<H3>
Local Symbols
</H3>
<P><STRONG><a name="[ab]"></a>SPI_EndRxTxTransaction</STRONG> (Thumb, 68 bytes, Stack size 24 bytes, stm32f1xx_hal_spi.o(i.SPI_EndRxTxTransaction))
<BR><BR>[Stack]<UL><LI>Max Depth = 64<LI>Call Chain = SPI_EndRxTxTransaction &rArr; SPI_WaitFlagStateUntilTimeout
</UL>
<BR>[Calls]<UL><LI><a href="#[b7]">&gt;&gt;</a>&nbsp;&nbsp;&nbsp;SPI_WaitFlagStateUntilTimeout
</UL>
<BR>[Called By]<UL><LI><a href="#[94]">&gt;&gt;</a>&nbsp;&nbsp;&nbsp;HAL_SPI_TransmitReceive
</UL>

<P><STRONG><a name="[b7]"></a>SPI_WaitFlagStateUntilTimeout</STRONG> (Thumb, 210 bytes, Stack size 40 bytes, stm32f1xx_hal_spi.o(i.SPI_WaitFlagStateUntilTimeout))
<BR><BR>[Stack]<UL><LI>Max Depth = 40<LI>Call Chain = SPI_WaitFlagStateUntilTimeout
</UL>
<BR>[Calls]<UL><LI><a href="#[97]">&gt;&gt;</a>&nbsp;&nbsp;&nbsp;HAL_GetTick
</UL>
<BR>[Called By]<UL><LI><a href="#[ab]">&gt;&gt;</a>&nbsp;&nbsp;&nbsp;SPI_EndRxTxTransaction
</UL>

<P><STRONG><a name="[a7]"></a>RCC_Delay</STRONG> (Thumb, 36 bytes, Stack size 8 bytes, stm32f1xx_hal_rcc.o(i.RCC_Delay))
<BR><BR>[Stack]<UL><LI>Max Depth = 8<LI>Call Chain = RCC_Delay
</UL>
<BR>[Called By]<UL><LI><a href="#[a6]">&gt;&gt;</a>&nbsp;&nbsp;&nbsp;HAL_RCC_OscConfig
</UL>

<P><STRONG><a name="[9f]"></a>__NVIC_GetPriorityGrouping</STRONG> (Thumb, 10 bytes, Stack size 0 bytes, stm32f1xx_hal_cortex.o(i.__NVIC_GetPriorityGrouping))
<BR><BR>[Called By]<UL><LI><a href="#[9e]">&gt;&gt;</a>&nbsp;&nbsp;&nbsp;HAL_NVIC_SetPriority
</UL>

<P><STRONG><a name="[a0]"></a>__NVIC_SetPriority</STRONG> (Thumb, 32 bytes, Stack size 8 bytes, stm32f1xx_hal_cortex.o(i.__NVIC_SetPriority))
<BR><BR>[Stack]<UL><LI>Max Depth = 8<LI>Call Chain = __NVIC_SetPriority
</UL>
<BR>[Called By]<UL><LI><a href="#[9e]">&gt;&gt;</a>&nbsp;&nbsp;&nbsp;HAL_NVIC_SetPriority
<LI><a href="#[9d]">&gt;&gt;</a>&nbsp;&nbsp;&nbsp;HAL_SYSTICK_Config
</UL>

<P><STRONG><a name="[bb]"></a>UART_EndRxTransfer</STRONG> (Thumb, 108 bytes, Stack size 0 bytes, stm32f1xx_hal_uart.o(i.UART_EndRxTransfer))
<BR><BR>[Called By]<UL><LI><a href="#[b0]">&gt;&gt;</a>&nbsp;&nbsp;&nbsp;UART_WaitOnFlagUntilTimeout
</UL>

<P><STRONG><a name="[ae]"></a>UART_SetConfig</STRONG> (Thumb, 248 bytes, Stack size 16 bytes, stm32f1xx_hal_uart.o(i.UART_SetConfig))
<BR><BR>[Stack]<UL><LI>Max Depth = 20<LI>Call Chain = UART_SetConfig &rArr; HAL_RCC_GetPCLK2Freq
</UL>
<BR>[Calls]<UL><LI><a href="#[a5]">&gt;&gt;</a>&nbsp;&nbsp;&nbsp;HAL_RCC_GetPCLK2Freq
<LI><a href="#[a3]">&gt;&gt;</a>&nbsp;&nbsp;&nbsp;HAL_RCC_GetPCLK1Freq
</UL>
<BR>[Called By]<UL><LI><a href="#[ac]">&gt;&gt;</a>&nbsp;&nbsp;&nbsp;HAL_UART_Init
</UL>

<P><STRONG><a name="[b0]"></a>UART_WaitOnFlagUntilTimeout</STRONG> (Thumb, 140 bytes, Stack size 32 bytes, stm32f1xx_hal_uart.o(i.UART_WaitOnFlagUntilTimeout))
<BR><BR>[Stack]<UL><LI>Max Depth = 32<LI>Call Chain = UART_WaitOnFlagUntilTimeout
</UL>
<BR>[Calls]<UL><LI><a href="#[97]">&gt;&gt;</a>&nbsp;&nbsp;&nbsp;HAL_GetTick
<LI><a href="#[bb]">&gt;&gt;</a>&nbsp;&nbsp;&nbsp;UART_EndRxTransfer
</UL>
<BR>[Called By]<UL><LI><a href="#[af]">&gt;&gt;</a>&nbsp;&nbsp;&nbsp;HAL_UART_Transmit
</UL>

<P><STRONG><a name="[bd]"></a>_printf_core</STRONG> (Thumb, 336 bytes, Stack size 88 bytes, printf1.o(i._printf_core), UNUSED)
<BR><BR>[Calls]<UL><LI><a href="#[bf]">&gt;&gt;</a>&nbsp;&nbsp;&nbsp;__aeabi_uidivmod
</UL>
<BR>[Called By]<UL><LI><a href="#[be]">&gt;&gt;</a>&nbsp;&nbsp;&nbsp;__0sprintf$1
<LI><a href="#[bc]">&gt;&gt;</a>&nbsp;&nbsp;&nbsp;__0printf$1
</UL>

<P><STRONG><a name="[4a]"></a>_sputc</STRONG> (Thumb, 10 bytes, Stack size 0 bytes, printf1.o(i._sputc))
<BR><BR>[Called By]<UL><LI><a href="#[be]">&gt;&gt;</a>&nbsp;&nbsp;&nbsp;__0sprintf$1
</UL>
<BR>[Address Reference Count : 1]<UL><LI> printf1.o(i.__0sprintf$1)
</UL><P>
<H3>
Undefined Global Symbols
</H3><HR></body></html>
