<html>
<body>
<pre>
<h1>µVision Build Log</h1>
<h2>Tool Versions:</h2>
IDE-Version: ¦ÌVision V5.38.0.0
Copyright (C) 2022 ARM Ltd and ARM Germany GmbH. All rights reserved.
License Information: a Administrator, a, LIC=X96CK-ZK17T-X7BRZ-JT8ZN-I5FIC-IUTJ0
 
Tool Versions:
Toolchain:       MDK-ARM Plus  Version: 5.38.0.0
Toolchain Path:  D:\Keil_v5\ARM\arm5_compiler\Bin
C Compiler:      Armcc.exe V5.06 update 7 (build 960)
Assembler:       Armasm.exe V5.06 update 7 (build 960)
Linker/Locator:  ArmLink.exe V5.06 update 7 (build 960)
Library Manager: ArmAr.exe V5.06 update 7 (build 960)
Hex Converter:   FromElf.exe V5.06 update 7 (build 960)
CPU DLL:         SARMCM3.DLL V5.38.0.0
Dialog DLL:      DCM.DLL V1.17.5.0
Target DLL:      STLink\ST-LINKIII-KEIL_SWO.dll V3.1.0.0
Dialog DLL:      TCM.DLL V1.56.4.0
 
<h2>Project:</h2>
d:\embedded\upCodeStm32\36_SPI_HardWare_Flash_Register\36_SPI_HardWare_Flash_Register.uvprojx
Project File Date:  08/08/2025

<h2>Output:</h2>
*** Using Compiler 'V5.06 update 7 (build 960)', folder: 'D:\Keil_v5\ARM\arm5_compiler\Bin'
Build target 'Target 1'
compiling Driver_SPI.c...
Driver\spi\Driver_SPI.c(20): warning:  #223-D: function "Driver_SPI_Init_HardWare" declared implicitly
      Driver_SPI_Init_HardWare();
Driver\spi\Driver_SPI.c(27): warning:  #223-D: function "Driver_SPI_Start_HardWare" declared implicitly
      Driver_SPI_Start_HardWare();
Driver\spi\Driver_SPI.c(34): warning:  #223-D: function "Driver_SPI_Stop_HardWare" declared implicitly
      Driver_SPI_Stop_HardWare();
Driver\spi\Driver_SPI.c(41): warning:  #223-D: function "Driver_SPI_SwapByte_HardWare" declared implicitly
      return Driver_SPI_SwapByte_HardWare(byte);
Driver\spi\Driver_SPI.c(114): warning:  #159-D: declaration is incompatible with previous "Driver_SPI_Init_HardWare"  (declared at line 20)
  void Driver_SPI_Init_HardWare(void)
Driver\spi\Driver_SPI.c(150): warning:  #159-D: declaration is incompatible with previous "Driver_SPI_SwapByte_HardWare"  (declared at line 41)
  uint8_t Driver_SPI_SwapByte_HardWare(uint8_t byte)
Driver\spi\Driver_SPI.c(164): warning:  #159-D: declaration is incompatible with previous "Driver_SPI_Start_HardWare"  (declared at line 27)
  void Driver_SPI_Start_HardWare(void)
Driver\spi\Driver_SPI.c(169): warning:  #159-D: declaration is incompatible with previous "Driver_SPI_Stop_HardWare"  (declared at line 34)
  void Driver_SPI_Stop_HardWare(void)
Driver\spi\Driver_SPI.c: 8 warnings, 0 errors
linking...
Program Size: Code=2676 RO-data=336 RW-data=368 ZI-data=1280  
FromELF: creating hex file...
".\Objects\02_LED_Flow_Register.axf" - 0 Error(s), 8 Warning(s).

<h2>Software Packages used:</h2>

Package Vendor: Keil
                https://www.keil.com/pack/Keil.STM32F1xx_DFP.2.4.1.pack
                Keil.STM32F1xx_DFP.2.4.1
                STMicroelectronics STM32F1 Series Device Support, Drivers and Examples

<h2>Collection of Component include folders:</h2>
  D:/Users/Administrator/AppData/Local/Arm/Packs/Keil/STM32F1xx_DFP/2.4.1/Device/Include

<h2>Collection of Component Files used:</h2>
Build Time Elapsed:  00:00:03
</pre>
</body>
</html>
