<html>
<body>
<pre>
<h1>µVision Build Log</h1>
<h2>Tool Versions:</h2>
IDE-Version: ¦ÌVision V5.38.0.0
Copyright (C) 2022 ARM Ltd and ARM Germany GmbH. All rights reserved.
License Information: a Administrator, a, LIC=X96CK-ZK17T-X7BRZ-JT8ZN-I5FIC-IUTJ0
 
Tool Versions:
Toolchain:       MDK-ARM Plus  Version: 5.38.0.0
Toolchain Path:  D:\Keil_v5\ARM\arm5_compiler\Bin
C Compiler:      Armcc.exe V5.06 update 7 (build 960)
Assembler:       Armasm.exe V5.06 update 7 (build 960)
Linker/Locator:  ArmLink.exe V5.06 update 7 (build 960)
Library Manager: ArmAr.exe V5.06 update 7 (build 960)
Hex Converter:   FromElf.exe V5.06 update 7 (build 960)
CPU DLL:         SARMCM3.DLL V5.38.0.0
Dialog DLL:      DCM.DLL V1.17.5.0
Target DLL:      STLink\ST-LINKIII-KEIL_SWO.dll V3.1.0.0
Dialog DLL:      TCM.DLL V1.56.4.0
 
<h2>Project:</h2>
d:\embedded\upCodeStm32\55_LowPower_Sleep_Register\55_LowPower_Sleep_Register.uvprojx
Project File Date:  07/28/2025

<h2>Output:</h2>
*** Using Compiler 'V5.06 update 7 (build 960)', folder: 'D:\Keil_v5\ARM\arm5_compiler\Bin'
Build target 'Target 1'
compiling main.c...
.\Com\delay\Delay.h(9): warning:  #1-D: last line of file ends without a newline
  #endif
.\Driver\usart\Dri_USART.h(32): warning:  #1295-D: Deprecated declaration Dri_USART_ReceiveByte - give arg types
  uint8_t Dri_USART_ReceiveByte();
User\main.c(23): warning:  #260-D: explicit type is missing ("int" assumed)
  extern  buff[100];
User\main.c(24): warning:  #260-D: explicit type is missing ("int" assumed)
  extern  len;
User\main.c(25): warning:  #260-D: explicit type is missing ("int" assumed)
  extern  isReadySend;
User\main.c(40): warning:  #167-D: argument of type "int *" is incompatible with parameter of type "uint8_t *"
            Dri_USART_SendStr(buff);
User\main.c(41): warning:  #167-D: argument of type "int *" is incompatible with parameter of type "const char *"
  		  if(strcmp(buff,"sleep")==0){
User\main.c(44): warning:  #167-D: argument of type "int *" is incompatible with parameter of type "const char *"
  		  }else if(strcmp(buff,"wake")==0){
User\main.c: 8 warnings, 0 errors
linking...
Program Size: Code=1508 RO-data=336 RW-data=108 ZI-data=1028  
FromELF: creating hex file...
".\Objects\02_LED_Flow_Register.axf" - 0 Error(s), 8 Warning(s).

<h2>Software Packages used:</h2>

Package Vendor: Keil
                https://www.keil.com/pack/Keil.STM32F1xx_DFP.2.4.1.pack
                Keil.STM32F1xx_DFP.2.4.1
                STMicroelectronics STM32F1 Series Device Support, Drivers and Examples

<h2>Collection of Component include folders:</h2>
  D:/Users/Administrator/AppData/Local/Arm/Packs/Keil/STM32F1xx_DFP/2.4.1/Device/Include

<h2>Collection of Component Files used:</h2>
Build Time Elapsed:  00:00:01
</pre>
</body>
</html>
