*** Using Compiler 'V5.06 update 7 (build 960)', folder: 'D:\Keil_v5\ARM\arm5_compiler\Bin'
Build target 'Target 1'
compiling main.c...
.\Com\delay\Delay.h(9): warning:  #1-D: last line of file ends without a newline
  #endif
.\Driver\usart\Dri_USART.h(32): warning:  #1295-D: Deprecated declaration Dri_USART_ReceiveByte - give arg types
  uint8_t Dri_USART_ReceiveByte();
User\main.c(23): warning:  #260-D: explicit type is missing ("int" assumed)
  extern  buff[100];
User\main.c(24): warning:  #260-D: explicit type is missing ("int" assumed)
  extern  len;
User\main.c(25): warning:  #260-D: explicit type is missing ("int" assumed)
  extern  isReadySend;
User\main.c(40): warning:  #167-D: argument of type "int *" is incompatible with parameter of type "uint8_t *"
            Dri_USART_SendStr(buff);
User\main.c(41): warning:  #167-D: argument of type "int *" is incompatible with parameter of type "const char *"
  		  if(strcmp(buff,"sleep")==0){
User\main.c(44): warning:  #167-D: argument of type "int *" is incompatible with parameter of type "const char *"
  		  }else if(strcmp(buff,"wake")==0){
User\main.c: 8 warnings, 0 errors
linking...
Program Size: Code=1508 RO-data=336 RW-data=108 ZI-data=1028  
FromELF: creating hex file...
".\Objects\02_LED_Flow_Register.axf" - 0 Error(s), 8 Warning(s).
Build Time Elapsed:  00:00:01
